Component: ARM Compiler 5.06 update 6 (build 750) Tool: armlink [4d35ed]

==============================================================================

Section Cross References

    system_stm32f10x.o(i.SetSysClock) refers to system_stm32f10x.o(i.SetSysClockTo72) for SetSysClockTo72
    system_stm32f10x.o(i.SystemCoreClockUpdate) refers to system_stm32f10x.o(.data) for SystemCoreClock
    system_stm32f10x.o(i.SystemInit) refers to system_stm32f10x.o(i.SetSysClock) for SetSysClock
    main.o(i.RCC_Configuration) refers to stm32f10x_rcc.o(i.RCC_DeInit) for RCC_DeInit
    main.o(i.RCC_Configuration) refers to stm32f10x_rcc.o(i.RCC_HSEConfig) for RCC_HSEConfig
    main.o(i.RCC_Configuration) refers to stm32f10x_rcc.o(i.RCC_WaitForHSEStartUp) for RCC_WaitForHSEStartUp
    main.o(i.RCC_Configuration) refers to stm32f10x_rcc.o(i.RCC_PLLConfig) for RCC_PLLConfig
    main.o(i.RCC_Configuration) refers to stm32f10x_rcc.o(i.RCC_HCLKConfig) for RCC_HCLKConfig
    main.o(i.RCC_Configuration) refers to stm32f10x_rcc.o(i.RCC_PCLK1Config) for RCC_PCLK1Config
    main.o(i.RCC_Configuration) refers to stm32f10x_rcc.o(i.RCC_PCLK2Config) for RCC_PCLK2Config
    main.o(i.RCC_Configuration) refers to stm32f10x_flash.o(i.FLASH_SetLatency) for FLASH_SetLatency
    main.o(i.RCC_Configuration) refers to stm32f10x_flash.o(i.FLASH_PrefetchBufferCmd) for FLASH_PrefetchBufferCmd
    main.o(i.RCC_Configuration) refers to stm32f10x_rcc.o(i.RCC_PLLCmd) for RCC_PLLCmd
    main.o(i.RCC_Configuration) refers to stm32f10x_rcc.o(i.RCC_GetFlagStatus) for RCC_GetFlagStatus
    main.o(i.RCC_Configuration) refers to stm32f10x_rcc.o(i.RCC_SYSCLKConfig) for RCC_SYSCLKConfig
    main.o(i.RCC_Configuration) refers to stm32f10x_rcc.o(i.RCC_GetSYSCLKSource) for RCC_GetSYSCLKSource
    main.o(i.main) refers to _printf_percent.o(.ARM.Collect$$_printf_percent$$00000000) for _printf_percent
    main.o(i.main) refers to _printf_f.o(.ARM.Collect$$_printf_percent$$00000003) for _printf_f
    main.o(i.main) refers to printf1.o(x$fpl$printf1) for _printf_fp_dec
    main.o(i.main) refers to main.o(i.RCC_Configuration) for RCC_Configuration
    main.o(i.main) refers to i2c_1.o(i.I2C1_Configration) for I2C1_Configration
    main.o(i.main) refers to utils.o(i.delay_s) for delay_s
    main.o(i.main) refers to oled0561.o(i.OLED_Init) for OLED_Init
    main.o(i.main) refers to lm75a.o(i.LM75A_GetTemp) for LM75A_GetTemp
    main.o(i.main) refers to noretval__2sprintf.o(.text) for __2sprintf
    main.o(i.main) refers to oled0561.o(i.OLED_Display_8x16_Buffer) for OLED_Display_8x16_Buffer
    stm32f10x_adc.o(i.ADC_DeInit) refers to stm32f10x_rcc.o(i.RCC_APB2PeriphResetCmd) for RCC_APB2PeriphResetCmd
    stm32f10x_bkp.o(i.BKP_DeInit) refers to stm32f10x_rcc.o(i.RCC_BackupResetCmd) for RCC_BackupResetCmd
    stm32f10x_can.o(i.CAN_DeInit) refers to stm32f10x_rcc.o(i.RCC_APB1PeriphResetCmd) for RCC_APB1PeriphResetCmd
    stm32f10x_can.o(i.CAN_GetITStatus) refers to stm32f10x_can.o(i.CheckITStatus) for CheckITStatus
    stm32f10x_cec.o(i.CEC_DeInit) refers to stm32f10x_rcc.o(i.RCC_APB1PeriphResetCmd) for RCC_APB1PeriphResetCmd
    stm32f10x_dac.o(i.DAC_DeInit) refers to stm32f10x_rcc.o(i.RCC_APB1PeriphResetCmd) for RCC_APB1PeriphResetCmd
    stm32f10x_flash.o(i.FLASH_EnableWriteProtection) refers to stm32f10x_flash.o(i.FLASH_WaitForLastOperation) for FLASH_WaitForLastOperation
    stm32f10x_flash.o(i.FLASH_EraseAllBank1Pages) refers to stm32f10x_flash.o(i.FLASH_WaitForLastBank1Operation) for FLASH_WaitForLastBank1Operation
    stm32f10x_flash.o(i.FLASH_EraseAllPages) refers to stm32f10x_flash.o(i.FLASH_WaitForLastOperation) for FLASH_WaitForLastOperation
    stm32f10x_flash.o(i.FLASH_EraseOptionBytes) refers to stm32f10x_flash.o(i.FLASH_GetReadOutProtectionStatus) for FLASH_GetReadOutProtectionStatus
    stm32f10x_flash.o(i.FLASH_EraseOptionBytes) refers to stm32f10x_flash.o(i.FLASH_WaitForLastOperation) for FLASH_WaitForLastOperation
    stm32f10x_flash.o(i.FLASH_ErasePage) refers to stm32f10x_flash.o(i.FLASH_WaitForLastOperation) for FLASH_WaitForLastOperation
    stm32f10x_flash.o(i.FLASH_ProgramHalfWord) refers to stm32f10x_flash.o(i.FLASH_WaitForLastOperation) for FLASH_WaitForLastOperation
    stm32f10x_flash.o(i.FLASH_ProgramOptionByteData) refers to stm32f10x_flash.o(i.FLASH_WaitForLastOperation) for FLASH_WaitForLastOperation
    stm32f10x_flash.o(i.FLASH_ProgramWord) refers to stm32f10x_flash.o(i.FLASH_WaitForLastOperation) for FLASH_WaitForLastOperation
    stm32f10x_flash.o(i.FLASH_ReadOutProtection) refers to stm32f10x_flash.o(i.FLASH_WaitForLastOperation) for FLASH_WaitForLastOperation
    stm32f10x_flash.o(i.FLASH_UserOptionByteConfig) refers to stm32f10x_flash.o(i.FLASH_WaitForLastOperation) for FLASH_WaitForLastOperation
    stm32f10x_flash.o(i.FLASH_WaitForLastBank1Operation) refers to stm32f10x_flash.o(i.FLASH_GetBank1Status) for FLASH_GetBank1Status
[...]
    Removing stm32f10x_tim.o(i.TIM_OC4PolarityConfig), (26 bytes).
    Removing stm32f10x_tim.o(i.TIM_OC4PreloadConfig), (26 bytes).
    Removing stm32f10x_tim.o(i.TIM_OCStructInit), (20 bytes).
    Removing stm32f10x_tim.o(i.TIM_PWMIConfig), (124 bytes).
    Removing stm32f10x_tim.o(i.TIM_PrescalerConfig), (6 bytes).
    Removing stm32f10x_tim.o(i.TIM_SelectCCDMA), (24 bytes).
    Removing stm32f10x_tim.o(i.TIM_SelectCOM), (24 bytes).
    Removing stm32f10x_tim.o(i.TIM_SelectHallSensor), (24 bytes).
    Removing stm32f10x_tim.o(i.TIM_SelectInputTrigger), (18 bytes).
    Removing stm32f10x_tim.o(i.TIM_SelectMasterSlaveMode), (18 bytes).
    Removing stm32f10x_tim.o(i.TIM_SelectOCxM), (82 bytes).
    Removing stm32f10x_tim.o(i.TIM_SelectOnePulseMode), (18 bytes).
    Removing stm32f10x_tim.o(i.TIM_SelectOutputTrigger), (18 bytes).
    Removing stm32f10x_tim.o(i.TIM_SelectSlaveMode), (18 bytes).
    Removing stm32f10x_tim.o(i.TIM_SetAutoreload), (4 bytes).
    Removing stm32f10x_tim.o(i.TIM_SetClockDivision), (18 bytes).
    Removing stm32f10x_tim.o(i.TIM_SetCompare1), (4 bytes).
    Removing stm32f10x_tim.o(i.TIM_SetCompare2), (4 bytes).
    Removing stm32f10x_tim.o(i.TIM_SetCompare3), (4 bytes).
    Removing stm32f10x_tim.o(i.TIM_SetCompare4), (6 bytes).
    Removing stm32f10x_tim.o(i.TIM_SetCounter), (4 bytes).
    Removing stm32f10x_tim.o(i.TIM_SetIC1Prescaler), (18 bytes).
    Removing stm32f10x_tim.o(i.TIM_SetIC2Prescaler), (26 bytes).
    Removing stm32f10x_tim.o(i.TIM_SetIC3Prescaler), (18 bytes).
    Removing stm32f10x_tim.o(i.TIM_SetIC4Prescaler), (26 bytes).
    Removing stm32f10x_tim.o(i.TIM_TIxExternalClockConfig), (62 bytes).
    Removing stm32f10x_tim.o(i.TIM_TimeBaseInit), (164 bytes).
    Removing stm32f10x_tim.o(i.TIM_TimeBaseStructInit), (18 bytes).
    Removing stm32f10x_tim.o(i.TIM_UpdateDisableConfig), (24 bytes).
    Removing stm32f10x_tim.o(i.TIM_UpdateRequestConfig), (24 bytes).
    Removing stm32f10x_usart.o(i.USART_ClearFlag), (18 bytes).
    Removing stm32f10x_usart.o(i.USART_ClearITPendingBit), (30 bytes).
    Removing stm32f10x_usart.o(i.USART_ClockInit), (34 bytes).
    Removing stm32f10x_usart.o(i.USART_ClockStructInit), (12 bytes).
    Removing stm32f10x_usart.o(i.USART_Cmd), (24 bytes).
    Removing stm32f10x_usart.o(i.USART_DMACmd), (18 bytes).
    Removing stm32f10x_usart.o(i.USART_DeInit), (156 bytes).
    Removing stm32f10x_usart.o(i.USART_GetFlagStatus), (26 bytes).
    Removing stm32f10x_usart.o(i.USART_GetITStatus), (84 bytes).
    Removing stm32f10x_usart.o(i.USART_HalfDuplexCmd), (24 bytes).
    Removing stm32f10x_usart.o(i.USART_ITConfig), (74 bytes).
    Removing stm32f10x_usart.o(i.USART_Init), (216 bytes).
    Removing stm32f10x_usart.o(i.USART_IrDACmd), (24 bytes).
    Removing stm32f10x_usart.o(i.USART_IrDAConfig), (18 bytes).
    Removing stm32f10x_usart.o(i.USART_LINBreakDetectLengthConfig), (18 bytes).
    Removing stm32f10x_usart.o(i.USART_LINCmd), (24 bytes).
    Removing stm32f10x_usart.o(i.USART_OneBitMethodCmd), (24 bytes).
    Removing stm32f10x_usart.o(i.USART_OverSampling8Cmd), (22 bytes).
    Removing stm32f10x_usart.o(i.USART_ReceiveData), (10 bytes).
    Removing stm32f10x_usart.o(i.USART_ReceiverWakeUpCmd), (24 bytes).
    Removing stm32f10x_usart.o(i.USART_SendBreak), (10 bytes).
    Removing stm32f10x_usart.o(i.USART_SendData), (8 bytes).
    Removing stm32f10x_usart.o(i.USART_SetAddress), (18 bytes).
    Removing stm32f10x_usart.o(i.USART_SetGuardTime), (16 bytes).
    Removing stm32f10x_usart.o(i.USART_SetPrescaler), (16 bytes).
    Removing stm32f10x_usart.o(i.USART_SmartCardCmd), (24 bytes).
    Removing stm32f10x_usart.o(i.USART_SmartCardNACKCmd), (24 bytes).
    Removing stm32f10x_usart.o(i.USART_StructInit), (24 bytes).
    Removing stm32f10x_usart.o(i.USART_WakeUpConfig), (18 bytes).
    Removing stm32f10x_wwdg.o(i.WWDG_ClearFlag), (12 bytes).
    Removing stm32f10x_wwdg.o(i.WWDG_DeInit), (22 bytes).
    Removing stm32f10x_wwdg.o(i.WWDG_Enable), (16 bytes).
    Removing stm32f10x_wwdg.o(i.WWDG_EnableIT), (12 bytes).
    Removing stm32f10x_wwdg.o(i.WWDG_GetFlagStatus), (12 bytes).
    Removing stm32f10x_wwdg.o(i.WWDG_SetCounter), (16 bytes).
    Removing stm32f10x_wwdg.o(i.WWDG_SetPrescaler), (24 bytes).
    Removing stm32f10x_wwdg.o(i.WWDG_SetWindowValue), (40 bytes).
    Removing led.o(i.LED_Init), (40 bytes).
    Removing led.o(i.breathing_led), (156 bytes).
    Removing led.o(i.delay), (10 bytes).
    Removing led.o(i.set_led1), (36 bytes).
    Removing led.o(i.set_led2), (36 bytes).
    Removing led.o(i.twinkle_led), (52 bytes).
    Removing led.o(i.twinkle_led_second), (52 bytes).
    Removing key.o(i.Key_Init), (44 bytes).
    Removing touchkey.o(i.TOUCHKey_Init), (44 bytes).
    Removing tm1640.o(i.TM1640_Auto_Display), (82 bytes).
    Removing tm1640.o(i.TM1640_Clear_All), (26 bytes).
    Removing tm1640.o(i.TM1640_Display_off), (18 bytes).
    Removing tm1640.o(i.TM1640_Init), (44 bytes).
    Removing tm1640.o(i.TM1640_LED_Display), (18 bytes).
    Removing rtc.o(i.RTC_Init), (198 bytes).
    Removing rtc.o(i.RTC_Set), (200 bytes).
    Removing turnencoder.o(i.Get_Encoder), (340 bytes).
    Removing turnencoder.o(i.TurnEncoder_Init), (72 bytes).
    Removing turnencoder.o(.data), (1 bytes).
    Removing i2c_1.o(i.I2C1_Read_Byte), (200 bytes).
    Removing lm75a.o(i.LM75A_Get_Conf_Register), (12 bytes).
    Removing lm75a.o(i.LM75A_PwrDown), (20 bytes).
    Removing lm75a.o(i.LM75A_Set_Conf_Register), (16 bytes).
    Removing oled0561.o(i.OLED_Display_Lightness), (26 bytes).

467 unused section(s) (total 19545 bytes) removed from the image.

==============================================================================

Image Symbol Table

    Local Symbols

    Symbol Name                              Value     Ov Type        Size  Object(Section)

    ../clib/angel/boardlib.s                 0x00000000   Number         0  boardshut.o ABSOLUTE
    ../clib/angel/boardlib.s                 0x00000000   Number         0  boardinit1.o ABSOLUTE
    ../clib/angel/boardlib.s                 0x00000000   Number         0  boardinit2.o ABSOLUTE
    ../clib/angel/boardlib.s                 0x00000000   Number         0  boardinit3.o ABSOLUTE
    ../clib/angel/handlers.s                 0x00000000   Number         0  __scatter_copy.o ABSOLUTE
    ../clib/angel/handlers.s                 0x00000000   Number         0  __scatter_zi.o ABSOLUTE
    ../clib/angel/kernel.s                   0x00000000   Number         0  __rtentry.o ABSOLUTE
    ../clib/angel/kernel.s                   0x00000000   Number         0  __rtentry2.o ABSOLUTE
    ../clib/angel/kernel.s                   0x00000000   Number         0  rtexit.o ABSOLUTE
    ../clib/angel/kernel.s                   0x00000000   Number         0  __rtentry4.o ABSOLUTE
    ../clib/angel/kernel.s                   0x00000000   Number         0  rtexit2.o ABSOLUTE
    ../clib/angel/rt.s                       0x00000000   Number         0  rt_locale.o ABSOLUTE
    ../clib/angel/rt.s                       0x00000000   Number         0  rt_locale_intlibspace.o ABSOLUTE
    ../clib/angel/rt.s                       0x00000000   Number         0  rt_raise.o ABSOLUTE
    ../clib/angel/scatter.s                  0x00000000   Number         0  __scatter.o ABSOLUTE
    ../clib/angel/startup.s                  0x00000000   Number         0  __main.o ABSOLUTE
    ../clib/angel/sys.s                      0x00000000   Number         0  sys_stackheap_outer.o ABSOLUTE
    ../clib/angel/sys.s                      0x00000000   Number         0  use_no_semi.o ABSOLUTE
    ../clib/angel/sys.s                      0x00000000   Number         0  libspace.o ABSOLUTE
    ../clib/angel/sys.s                      0x00000000   Number         0  indicate_semi.o ABSOLUTE
    ../clib/angel/sysapp.c                   0x00000000   Number         0  sys_wrch.o ABSOLUTE
    ../clib/angel/sysapp.c                   0x00000000   Number         0  sys_exit.o ABSOLUTE
    ../clib/angel/sysapp.c                   0x00000000   Number         0  sys_command.o ABSOLUTE
    ../clib/armsys.c                         0x00000000   Number         0  argv_veneer.o ABSOLUTE
    ../clib/armsys.c                         0x00000000   Number         0  argv_veneer.o ABSOLUTE
    ../clib/armsys.c                         0x00000000   Number         0  _get_argv_nomalloc.o ABSOLUTE
    ../clib/armsys.c                         0x00000000   Number         0  no_argv.o ABSOLUTE
    ../clib/bigflt.c                         0x00000000   Number         0  bigflt0.o ABSOLUTE
    ../clib/btod.s                           0x00000000   Number         0  btod.o ABSOLUTE
    ../clib/heapalloc.c                      0x00000000   Number         0  hrguard.o ABSOLUTE
    ../clib/heapaux.c                        0x00000000   Number         0  heapauxi.o ABSOLUTE
    ../clib/libinit.s                        0x00000000   Number         0  libshutdown.o ABSOLUTE
    ../clib/libinit.s                        0x00000000   Number         0  libshutdown2.o ABSOLUTE
    ../clib/libinit.s                        0x00000000   Number         0  libinit2.o ABSOLUTE
    ../clib/libinit.s                        0x00000000   Number         0  libinit.o ABSOLUTE
    ../clib/locale.s                         0x00000000   Number         0  lc_numeric_c.o ABSOLUTE
    ../clib/longlong.s                       0x00000000   Number         0  lludiv10.o ABSOLUTE
    ../clib/memcpset.s                       0x00000000   Number         0  rt_memcpy_w.o ABSOLUTE
    ../clib/memcpset.s                       0x00000000   Number         0  strcmpv7m.o ABSOLUTE
    ../clib/misc.s                           0x00000000   Number         0  printf_stubs.o ABSOLUTE
    ../clib/printf.c                         0x00000000   Number         0  __2sprintf.o ABSOLUTE
    ../clib/printf.c                         0x00000000   Number         0  __printf.o ABSOLUTE
    ../clib/printf.c                         0x00000000   Number         0  __printf_flags.o ABSOLUTE
    ../clib/printf.c                         0x00000000   Number         0  __printf_ss.o ABSOLUTE
    ../clib/printf.c                         0x00000000   Number         0  __printf_flags_ss.o ABSOLUTE
    ../clib/printf.c                         0x00000000   Number         0  __printf_flags_ss_wp.o ABSOLUTE
    ../clib/printf.c                         0x00000000   Number         0  _sputc.o ABSOLUTE
    ../clib/printf.c                         0x00000000   Number         0  __printf_flags_wp.o ABSOLUTE
    ../clib/printf.c                         0x00000000   Number         0  __printf_ss_wp.o ABSOLUTE
    ../clib/printf.c                         0x00000000   Number         0  _printf_char_common.o ABSOLUTE
    ../clib/printf.c                         0x00000000   Number         0  __printf_nopercent.o ABSOLUTE
    ../clib/printf.c                         0x00000000   Number         0  _printf_fp_infnan.o ABSOLUTE
    ../clib/printf.c                         0x00000000   Number         0  noretval__2sprintf.o ABSOLUTE
    ../clib/printf.c                         0x00000000   Number         0  _printf_fp_dec.o ABSOLUTE
    ../clib/printf.c                         0x00000000   Number         0  __printf_wp.o ABSOLUTE
    ../clib/printf_percent.s                 0x00000000   Number         0  _printf_percent.o ABSOLUTE
    ../clib/printf_percent.s                 0x00000000   Number         0  _printf_f.o ABSOLUTE
    ../clib/printf_percent.s                 0x00000000   Number         0  _printf_percent_end.o ABSOLUTE
    ../clib/signal.c                         0x00000000   Number         0  defsig_exit.o ABSOLUTE
    ../clib/signal.c                         0x00000000   Number         0  defsig_rtmem_formal.o ABSOLUTE
    ../clib/signal.c                         0x00000000   Number         0  defsig_fpe_inner.o ABSOLUTE
    ../clib/signal.c                         0x00000000   Number         0  defsig_rtmem_inner.o ABSOLUTE
    ../clib/signal.c                         0x00000000   Number         0  defsig_other.o ABSOLUTE
    ../clib/signal.c                         0x00000000   Number         0  defsig_segv_inner.o ABSOLUTE
    ../clib/signal.c                         0x00000000   Number         0  defsig_cppl_inner.o ABSOLUTE
    ../clib/signal.c                         0x00000000   Number         0  defsig_pvfn_inner.o ABSOLUTE
    ../clib/signal.c                         0x00000000   Number         0  defsig_stak_inner.o ABSOLUTE
    ../clib/signal.c                         0x00000000   Number         0  defsig_rtred_inner.o ABSOLUTE
    ../clib/signal.c                         0x00000000   Number         0  defsig_rtmem_outer.o ABSOLUTE
    ../clib/signal.c                         0x00000000   Number         0  __raise.o ABSOLUTE
    ../clib/signal.c                         0x00000000   Number         0  defsig_general.o ABSOLUTE
    ../clib/signal.c                         0x00000000   Number         0  defsig_abrt_inner.o ABSOLUTE
    ../clib/signal.s                         0x00000000   Number         0  defsig.o ABSOLUTE
    ../clib/stdlib.c                         0x00000000   Number         0  exit.o ABSOLUTE
    ../fplib/daddsub.s                       0x00000000   Number         0  daddsub_clz.o ABSOLUTE
    ../fplib/dflt.s                          0x00000000   Number         0  dflt_clz.o ABSOLUTE
    ../fplib/dmul.s                          0x00000000   Number         0  dmul.o ABSOLUTE
    ../fplib/dnaninf.s                       0x00000000   Number         0  dnaninf.o ABSOLUTE
    ../fplib/dretinf.s                       0x00000000   Number         0  dretinf.o ABSOLUTE
    ../fplib/fpinit.s                        0x00000000   Number         0  fpinit.o ABSOLUTE
    ../fplib/istatus.s                       0x00000000   Number         0  istatus.o ABSOLUTE
    ../fplib/printf1.s                       0x00000000   Number         0  printf1.o ABSOLUTE
    ../fplib/usenofp.s                       0x00000000   Number         0  usenofp.o ABSOLUTE
    ../mathlib/fpclassify.c                  0x00000000   Number         0  fpclassify.o ABSOLUTE
    CMSIS\\core_cm3.c                        0x00000000   Number         0  core_cm3.o ABSOLUTE
    CMSIS\core_cm3.c                         0x00000000   Number         0  core_cm3.o ABSOLUTE
    CMSIS\system_stm32f10x.c                 0x00000000   Number         0  system_stm32f10x.o ABSOLUTE
    Hardware\I2C_1.c                         0x00000000   Number         0  i2c_1.o ABSOLUTE
    Hardware\LM75A.c                         0x00000000   Number         0  lm75a.o ABSOLUTE
    Hardware\key.c                           0x00000000   Number         0  key.o ABSOLUTE
    Hardware\led.c                           0x00000000   Number         0  led.o ABSOLUTE
    Hardware\oled0561.c                      0x00000000   Number         0  oled0561.o ABSOLUTE
    Hardware\rtc.c                           0x00000000   Number         0  rtc.o ABSOLUTE
    Hardware\tm1640.c                        0x00000000   Number         0  tm1640.o ABSOLUTE
    Hardware\touchkey.c                      0x00000000   Number         0  touchkey.o ABSOLUTE
    Hardware\turnencoder.c                   0x00000000   Number         0  turnencoder.o ABSOLUTE
    Lib\src\misc.c                           0x00000000   Number         0  misc.o ABSOLUTE
    Lib\src\stm32f10x_adc.c                  0x00000000   Number         0  stm32f10x_adc.o ABSOLUTE
    Lib\src\stm32f10x_bkp.c                  0x00000000   Number         0  stm32f10x_bkp.o ABSOLUTE
    Lib\src\stm32f10x_can.c                  0x00000000   Number         0  stm32f10x_can.o ABSOLUTE
    Lib\src\stm32f10x_cec.c                  0x00000000   Number         0  stm32f10x_cec.o ABSOLUTE
    Lib\src\stm32f10x_crc.c                  0x00000000   Number         0  stm32f10x_crc.o ABSOLUTE
    Lib\src\stm32f10x_dac.c                  0x00000000   Number         0  stm32f10x_dac.o ABSOLUTE
    Lib\src\stm32f10x_dbgmcu.c               0x00000000   Number         0  stm32f10x_dbgmcu.o ABSOLUTE
    Lib\src\stm32f10x_dma.c                  0x00000000   Number         0  stm32f10x_dma.o ABSOLUTE
    Lib\src\stm32f10x_exti.c                 0x00000000   Number         0  stm32f10x_exti.o ABSOLUTE
    Lib\src\stm32f10x_flash.c                0x00000000   Number         0  stm32f10x_flash.o ABSOLUTE
    Lib\src\stm32f10x_fsmc.c                 0x00000000   Number         0  stm32f10x_fsmc.o ABSOLUTE
    Lib\src\stm32f10x_gpio.c                 0x00000000   Number         0  stm32f10x_gpio.o ABSOLUTE
    Lib\src\stm32f10x_i2c.c                  0x00000000   Number         0  stm32f10x_i2c.o ABSOLUTE
    Lib\src\stm32f10x_iwdg.c                 0x00000000   Number         0  stm32f10x_iwdg.o ABSOLUTE
    Lib\src\stm32f10x_pwr.c                  0x00000000   Number         0  stm32f10x_pwr.o ABSOLUTE
    Lib\src\stm32f10x_rcc.c                  0x00000000   Number         0  stm32f10x_rcc.o ABSOLUTE
    Lib\src\stm32f10x_rtc.c                  0x00000000   Number         0  stm32f10x_rtc.o ABSOLUTE
    Lib\src\stm32f10x_sdio.c                 0x00000000   Number         0  stm32f10x_sdio.o ABSOLUTE
    Lib\src\stm32f10x_spi.c                  0x00000000   Number         0  stm32f10x_spi.o ABSOLUTE
    Lib\src\stm32f10x_tim.c                  0x00000000   Number         0  stm32f10x_tim.o ABSOLUTE
    Lib\src\stm32f10x_usart.c                0x00000000   Number         0  stm32f10x_usart.o ABSOLUTE
    Lib\src\stm32f10x_wwdg.c                 0x00000000   Number         0  stm32f10x_wwdg.o ABSOLUTE
    Startup\startup_stm32f10x_md.s           0x00000000   Number         0  startup_stm32f10x_md.o ABSOLUTE
    User\main.c                              0x00000000   Number         0  main.o ABSOLUTE
    User\stm32f10x_it.c                      0x00000000   Number         0  stm32f10x_it.o ABSOLUTE
    Utils\utils.c                            0x00000000   Number         0  utils.o ABSOLUTE
    dc.s                                     0x00000000   Number         0  dc.o ABSOLUTE
    RESET                                    0x08000000   Section      236  startup_stm32f10x_md.o(RESET)
    !!!main                                  0x080000ec   Section        8  __main.o(!!!main)
    !!!scatter                               0x080000f4   Section       52  __scatter.o(!!!scatter)
    !!handler_copy                           0x08000128   Section       26  __scatter_copy.o(!!handler_copy)
    !!handler_zi                             0x08000144   Section       28  __scatter_zi.o(!!handler_zi)
    .ARM.Collect$$_printf_percent$$00000000  0x08000160   Section        0  _printf_percent.o(.ARM.Collect$$_printf_percent$$00000000)
    .ARM.Collect$$_printf_percent$$00000003  0x08000160   Section        6  _printf_f.o(.ARM.Collect$$_printf_percent$$00000003)
    .ARM.Collect$$_printf_percent$$00000017  0x08000166   Section        4  _printf_percent_end.o(.ARM.Collect$$_printf_percent$$00000017)
    .ARM.Collect$$libinit$$00000000          0x0800016a   Section        2  libinit.o(.ARM.Collect$$libinit$$00000000)
    .ARM.Collect$$libinit$$00000002          0x0800016c   Section        0  libinit2.o(.ARM.Collect$$libinit$$00000002)
    .ARM.Collect$$libinit$$00000004          0x0800016c   Section        0  libinit2.o(.ARM.Collect$$libinit$$00000004)
    .ARM.Collect$$libinit$$0000000A          0x0800016c   Section        0  libinit2.o(.ARM.Collect$$libinit$$0000000A)
    .ARM.Collect$$libinit$$0000000C          0x0800016c   Section        0  libinit2.o(.ARM.Collect$$libinit$$0000000C)
    .ARM.Collect$$libinit$$0000000E          0x0800016c   Section        0  libinit2.o(.ARM.Collect$$libinit$$0000000E)
    .ARM.Collect$$libinit$$0000000F          0x0800016c   Section        6  libinit2.o(.ARM.Collect$$libinit$$0000000F)
    .ARM.Collect$$libinit$$00000011          0x08000172   Section        0  libinit2.o(.ARM.Collect$$libinit$$00000011)
    .ARM.Collect$$libinit$$00000013          0x08000172   Section        0  libinit2.o(.ARM.Collect$$libinit$$00000013)
    .ARM.Collect$$libinit$$00000015          0x08000172   Section        0  libinit2.o(.ARM.Collect$$libinit$$00000015)
    .ARM.Collect$$libinit$$00000016          0x08000172   Section       10  libinit2.o(.ARM.Collect$$libinit$$00000016)
    .ARM.Collect$$libinit$$00000017          0x0800017c   Section        0  libinit2.o(.ARM.Collect$$libinit$$00000017)
    .ARM.Collect$$libinit$$00000019          0x0800017c   Section        0  libinit2.o(.ARM.Collect$$libinit$$00000019)
    .ARM.Collect$$libinit$$0000001B          0x0800017c   Section        0  libinit2.o(.ARM.Collect$$libinit$$0000001B)
    .ARM.Collect$$libinit$$0000001D          0x0800017c   Section        0  libinit2.o(.ARM.Collect$$libinit$$0000001D)
    .ARM.Collect$$libinit$$0000001F          0x0800017c   Section        0  libinit2.o(.ARM.Collect$$libinit$$0000001F)
    .ARM.Collect$$libinit$$00000021          0x0800017c   Section        0  libinit2.o(.ARM.Collect$$libinit$$00000021)
    .ARM.Collect$$libinit$$00000023          0x0800017c   Section        0  libinit2.o(.ARM.Collect$$libinit$$00000023)
    .ARM.Collect$$libinit$$00000025          0x0800017c   Section        0  libinit2.o(.ARM.Collect$$libinit$$00000025)
    .ARM.Collect$$libinit$$0000002C          0x0800017c   Section        0  libinit2.o(.ARM.Collect$$libinit$$0000002C)
    .ARM.Collect$$libinit$$0000002E          0x0800017c   Section        0  libinit2.o(.ARM.Collect$$libinit$$0000002E)
    .ARM.Collect$$libinit$$00000030          0x0800017c   Section        0  libinit2.o(.ARM.Collect$$libinit$$00000030)
    .ARM.Collect$$libinit$$00000032          0x0800017c   Section        0  libinit2.o(.ARM.Collect$$libinit$$00000032)
    .ARM.Collect$$libinit$$00000033          0x0800017c   Section        2  libinit2.o(.ARM.Collect$$libinit$$00000033)
    .ARM.Collect$$libshutdown$$00000000      0x0800017e   Section        2  libshutdown.o(.ARM.Collect$$libshutdown$$00000000)
    .ARM.Collect$$libshutdown$$00000002      0x08000180   Section        0  libshutdown2.o(.ARM.Collect$$libshutdown$$00000002)
    .ARM.Collect$$libshutdown$$00000004      0x08000180   Section        0  libshutdown2.o(.ARM.Collect$$libshutdown$$00000004)
    .ARM.Collect$$libshutdown$$00000007      0x08000180   Section        0  libshutdown2.o(.ARM.Collect$$libshutdown$$00000007)
    .ARM.Collect$$libshutdown$$0000000A      0x08000180   Section        0  libshutdown2.o(.ARM.Collect$$libshutdown$$0000000A)
    .ARM.Collect$$libshutdown$$0000000C      0x08000180   Section        0  libshutdown2.o(.ARM.Collect$$libshutdown$$0000000C)
    .ARM.Collect$$libshutdown$$0000000F      0x08000180   Section        0  libshutdown2.o(.ARM.Collect$$libshutdown$$0000000F)
    .ARM.Collect$$libshutdown$$00000010      0x08000180   Section        2  libshutdown2.o(.ARM.Collect$$libshutdown$$00000010)
    .ARM.Collect$$rtentry$$00000000          0x08000182   Section        0  __rtentry.o(.ARM.Collect$$rtentry$$00000000)
    .ARM.Collect$$rtentry$$00000002          0x08000182   Section        0  __rtentry2.o(.ARM.Collect$$rtentry$$00000002)
    .ARM.Collect$$rtentry$$00000004          0x08000182   Section        6  __rtentry4.o(.ARM.Collect$$rtentry$$00000004)
    .ARM.Collect$$rtentry$$00000009          0x08000188   Section        0  __rtentry2.o(.ARM.Collect$$rtentry$$00000009)
    .ARM.Collect$$rtentry$$0000000A          0x08000188   Section        4  __rtentry2.o(.ARM.Collect$$rtentry$$0000000A)
    .ARM.Collect$$rtentry$$0000000C          0x0800018c   Section        0  __rtentry2.o(.ARM.Collect$$rtentry$$0000000C)
    .ARM.Collect$$rtentry$$0000000D          0x0800018c   Section        8  __rtentry2.o(.ARM.Collect$$rtentry$$0000000D)
    .ARM.Collect$$rtexit$$00000000           0x08000194   Section        2  rtexit.o(.ARM.Collect$$rtexit$$00000000)
    .ARM.Collect$$rtexit$$00000002           0x08000196   Section        0  rtexit2.o(.ARM.Collect$$rtexit$$00000002)
    .ARM.Collect$$rtexit$$00000003           0x08000196   Section        4  rtexit2.o(.ARM.Collect$$rtexit$$00000003)
    .ARM.Collect$$rtexit$$00000004           0x0800019a   Section        6  rtexit2.o(.ARM.Collect$$rtexit$$00000004)
    .text                                    0x080001a0   Section       64  startup_stm32f10x_md.o(.text)
    .text                                    0x080001e0   Section        0  noretval__2sprintf.o(.text)
    .text                                    0x08000208   Section        0  __printf_wp.o(.text)
    .text                                    0x08000316   Section      100  rt_memcpy_w.o(.text)
    .text                                    0x0800037a   Section        0  heapauxi.o(.text)
    .text                                    0x08000380   Section        0  _printf_fp_dec.o(.text)
    _fp_digits                               0x08000383   Thumb Code   432  _printf_fp_dec.o(.text)
    .text                                    0x080007a0   Section        0  _printf_char_common.o(.text)
    _printf_input_char                       0x080007a1   Thumb Code    10  _printf_char_common.o(.text)
    .text                                    0x080007d0   Section        0  _sputc.o(.text)
    .text                                    0x080007dc   Section        8  rt_locale_intlibspace.o(.text)
    .text                                    0x080007e4   Section      138  lludiv10.o(.text)
    .text                                    0x08000870   Section        0  _printf_fp_infnan.o(.text)
    .text                                    0x080008f0   Section        0  bigflt0.o(.text)
    .text                                    0x080009d4   Section        8  libspace.o(.text)
    .text                                    0x080009dc   Section       74  sys_stackheap_outer.o(.text)
    .text                                    0x08000a26   Section        0  exit.o(.text)
    .text                                    0x08000a38   Section      128  strcmpv7m.o(.text)
    .text                                    0x08000ab8   Section        0  sys_exit.o(.text)
    .text                                    0x08000ac4   Section        2  use_no_semi.o(.text)
    .text                                    0x08000ac6   Section        0  indicate_semi.o(.text)
    CL$$btod_d2e                             0x08000ac6   Section       62  btod.o(CL$$btod_d2e)
    CL$$btod_d2e_denorm_low                  0x08000b04   Section       70  btod.o(CL$$btod_d2e_denorm_low)
    CL$$btod_d2e_norm_op1                    0x08000b4a   Section       96  btod.o(CL$$btod_d2e_norm_op1)
    CL$$btod_div_common                      0x08000baa   Section      824  btod.o(CL$$btod_div_common)
    CL$$btod_e2e                             0x08000ee2   Section      220  btod.o(CL$$btod_e2e)
    CL$$btod_ediv                            0x08000fbe   Section       42  btod.o(CL$$btod_ediv)
    CL$$btod_emul                            0x08000fe8   Section       42  btod.o(CL$$btod_emul)
    CL$$btod_mult_common                     0x08001012   Section      580  btod.o(CL$$btod_mult_common)
    i.BusFault_Handler                       0x08001256   Section        0  stm32f10x_it.o(i.BusFault_Handler)
    i.DebugMon_Handler                       0x0800125a   Section        0  stm32f10x_it.o(i.DebugMon_Handler)
    i.FLASH_PrefetchBufferCmd                0x0800125c   Section        0  stm32f10x_flash.o(i.FLASH_PrefetchBufferCmd)
    i.FLASH_SetLatency                       0x08001278   Section        0  stm32f10x_flash.o(i.FLASH_SetLatency)
    i.GPIO_Init                              0x08001290   Section        0  stm32f10x_gpio.o(i.GPIO_Init)
    i.GPIO_WriteBit                          0x080013a6   Section        0  stm32f10x_gpio.o(i.GPIO_WriteBit)
    i.HardFault_Handler                      0x080013b0   Section        0  stm32f10x_it.o(i.HardFault_Handler)
    i.I2C1_Configration                      0x080013b4   Section        0  i2c_1.o(i.I2C1_Configration)
    i.I2C1_Read_Buffer                       0x08001428   Section        0  i2c_1.o(i.I2C1_Read_Buffer)
    i.I2C1_Send_Buffer                       0x08001524   Section        0  i2c_1.o(i.I2C1_Send_Buffer)
    i.I2C1_Send_Byte                         0x080015c4   Section        0  i2c_1.o(i.I2C1_Send_Byte)
    i.I2C_AcknowledgeConfig                  0x08001650   Section        0  stm32f10x_i2c.o(i.I2C_AcknowledgeConfig)
    i.I2C_CheckEvent                         0x08001668   Section        0  stm32f10x_i2c.o(i.I2C_CheckEvent)
    i.I2C_Cmd                                0x08001692   Section        0  stm32f10x_i2c.o(i.I2C_Cmd)
    i.I2C_GenerateSTART                      0x080016aa   Section        0  stm32f10x_i2c.o(i.I2C_GenerateSTART)
    i.I2C_GenerateSTOP                       0x080016c2   Section        0  stm32f10x_i2c.o(i.I2C_GenerateSTOP)
    i.I2C_GetFlagStatus                      0x080016da   Section        0  stm32f10x_i2c.o(i.I2C_GetFlagStatus)
    i.I2C_Init                               0x08001714   Section        0  stm32f10x_i2c.o(i.I2C_Init)
    i.I2C_ReceiveData                        0x08001800   Section        0  stm32f10x_i2c.o(i.I2C_ReceiveData)
    i.I2C_Send7bitAddress                    0x08001808   Section        0  stm32f10x_i2c.o(i.I2C_Send7bitAddress)
    i.I2C_SendData                           0x0800181a   Section        0  stm32f10x_i2c.o(i.I2C_SendData)
    i.Is_Leap_Year                           0x0800181e   Section        0  rtc.o(i.Is_Leap_Year)
    i.LM75A_GetTemp                          0x08001858   Section        0  lm75a.o(i.LM75A_GetTemp)
    i.MemManage_Handler                      0x080018d0   Section        0  stm32f10x_it.o(i.MemManage_Handler)
    i.NMI_Handler                            0x080018d4   Section        0  stm32f10x_it.o(i.NMI_Handler)
    i.OLED_Display_8x16                      0x080018d8   Section        0  oled0561.o(i.OLED_Display_8x16)
    i.OLED_Display_8x16_Buffer               0x08001974   Section        0  oled0561.o(i.OLED_Display_8x16_Buffer)
    i.OLED_Display_Clear                     0x08001998   Section        0  oled0561.o(i.OLED_Display_Clear)
    i.OLED_Display_OFF                       0x080019dc   Section        0  oled0561.o(i.OLED_Display_OFF)
    i.OLED_Display_ON                        0x080019fc   Section        0  oled0561.o(i.OLED_Display_ON)
    i.OLED_Init                              0x08001a1c   Section        0  oled0561.o(i.OLED_Init)
    i.PendSV_Handler                         0x08001a60   Section        0  stm32f10x_it.o(i.PendSV_Handler)
    i.RCC_APB1PeriphClockCmd                 0x08001a64   Section        0  stm32f10x_rcc.o(i.RCC_APB1PeriphClockCmd)
    i.RCC_APB2PeriphClockCmd                 0x08001a84   Section        0  stm32f10x_rcc.o(i.RCC_APB2PeriphClockCmd)
    i.RCC_Configuration                      0x08001aa4   Section        0  main.o(i.RCC_Configuration)
    i.RCC_DeInit                             0x08001b08   Section        0  stm32f10x_rcc.o(i.RCC_DeInit)
    i.RCC_GetClocksFreq                      0x08001b54   Section        0  stm32f10x_rcc.o(i.RCC_GetClocksFreq)
    i.RCC_GetFlagStatus                      0x08001c28   Section        0  stm32f10x_rcc.o(i.RCC_GetFlagStatus)
    i.RCC_GetSYSCLKSource                    0x08001c64   Section        0  stm32f10x_rcc.o(i.RCC_GetSYSCLKSource)
    i.RCC_HCLKConfig                         0x08001c74   Section        0  stm32f10x_rcc.o(i.RCC_HCLKConfig)
    i.RCC_HSEConfig                          0x08001c8c   Section        0  stm32f10x_rcc.o(i.RCC_HSEConfig)
    i.RCC_PCLK1Config                        0x08001cd8   Section        0  stm32f10x_rcc.o(i.RCC_PCLK1Config)
    i.RCC_PCLK2Config                        0x08001cf0   Section        0  stm32f10x_rcc.o(i.RCC_PCLK2Config)
    i.RCC_PLLCmd                             0x08001d08   Section        0  stm32f10x_rcc.o(i.RCC_PLLCmd)
    i.RCC_PLLConfig                          0x08001d14   Section        0  stm32f10x_rcc.o(i.RCC_PLLConfig)
    i.RCC_SYSCLKConfig                       0x08001d30   Section        0  stm32f10x_rcc.o(i.RCC_SYSCLKConfig)
    i.RCC_WaitForHSEStartUp                  0x08001d48   Section        0  stm32f10x_rcc.o(i.RCC_WaitForHSEStartUp)
    i.RTC_ClearITPendingBit                  0x08001d80   Section        0  stm32f10x_rtc.o(i.RTC_ClearITPendingBit)
    i.RTC_Get                                0x08001d90   Section        0  rtc.o(i.RTC_Get)
    i.RTC_GetCounter                         0x08001e90   Section        0  stm32f10x_rtc.o(i.RTC_GetCounter)
    i.RTC_GetITStatus                        0x08001ea4   Section        0  stm32f10x_rtc.o(i.RTC_GetITStatus)
    i.RTC_Get_Week                           0x08001ec8   Section        0  rtc.o(i.RTC_Get_Week)
    i.RTC_IRQHandler                         0x08001f40   Section        0  rtc.o(i.RTC_IRQHandler)
    i.RTC_WaitForLastTask                    0x08002010   Section        0  stm32f10x_rtc.o(i.RTC_WaitForLastTask)
    i.Release_DIN                            0x08002024   Section        0  tm1640.o(i.Release_DIN)
    i.Release_SCLK                           0x08002038   Section        0  tm1640.o(i.Release_SCLK)
    i.SVC_Handler                            0x0800204c   Section        0  stm32f10x_it.o(i.SVC_Handler)
    i.SetSysClock                            0x0800204e   Section        0  system_stm32f10x.o(i.SetSysClock)
    SetSysClock                              0x0800204f   Thumb Code     8  system_stm32f10x.o(i.SetSysClock)
    i.SetSysClockTo72                        0x08002058   Section        0  system_stm32f10x.o(i.SetSysClockTo72)
    SetSysClockTo72                          0x08002059   Thumb Code   214  system_stm32f10x.o(i.SetSysClockTo72)
    i.Set_DIN                                0x08002138   Section        0  tm1640.o(i.Set_DIN)
    i.Set_SCLK                               0x0800214c   Section        0  tm1640.o(i.Set_SCLK)
    i.SysTick_Handler                        0x08002160   Section        0  stm32f10x_it.o(i.SysTick_Handler)
    i.SystemInit                             0x08002164   Section        0  system_stm32f10x.o(i.SystemInit)
    i.TM1640_Display_Number_With_Address     0x080021c4   Section        0  tm1640.o(i.TM1640_Display_Number_With_Address)
    i.TM1640_Display_on                      0x0800226c   Section        0  tm1640.o(i.TM1640_Display_on)
    i.TM1640_End                             0x0800228c   Section        0  tm1640.o(i.TM1640_End)
    i.TM1640_Fix_Address_Display             0x080022a8   Section        0  tm1640.o(i.TM1640_Fix_Address_Display)
    i.TM1640_Start                           0x080022e6   Section        0  tm1640.o(i.TM1640_Start)
    i.TM1640_Write_Byte                      0x08002316   Section        0  tm1640.o(i.TM1640_Write_Byte)
    i.UsageFault_Handler                     0x0800235c   Section        0  stm32f10x_it.o(i.UsageFault_Handler)
    i.__ARM_fpclassify                       0x08002360   Section        0  fpclassify.o(i.__ARM_fpclassify)
    i._is_digit                              0x08002388   Section        0  __printf_wp.o(i._is_digit)
    i.delay_ms                               0x08002396   Section        0  utils.o(i.delay_ms)
    i.delay_s                                0x080023ae   Section        0  utils.o(i.delay_s)
    i.delay_us                               0x080023c6   Section        0  utils.o(i.delay_us)
    i.main                                   0x080023f4   Section        0  main.o(i.main)
    locale$$code                             0x0800245c   Section       44  lc_numeric_c.o(locale$$code)
    x$fpl$dadd                               0x08002488   Section      336  daddsub_clz.o(x$fpl$dadd)
    _dadd1                                   0x08002499   Thumb Code     0  daddsub_clz.o(x$fpl$dadd)
    x$fpl$dflt                               0x080025d8   Section       46  dflt_clz.o(x$fpl$dflt)
    x$fpl$dfltu                              0x08002606   Section       38  dflt_clz.o(x$fpl$dfltu)
    x$fpl$dmul                               0x0800262c   Section      340  dmul.o(x$fpl$dmul)
    x$fpl$dnaninf                            0x08002780   Section      156  dnaninf.o(x$fpl$dnaninf)
    x$fpl$dretinf                            0x0800281c   Section       12  dretinf.o(x$fpl$dretinf)
    x$fpl$dsub                               0x08002828   Section      468  daddsub_clz.o(x$fpl$dsub)
    _dsub1                                   0x08002839   Thumb Code     0  daddsub_clz.o(x$fpl$dsub)
    x$fpl$printf1                            0x080029fc   Section        4  printf1.o(x$fpl$printf1)
    .constdata                               0x08002a00   Section       10  tm1640.o(.constdata)
    x$fpl$usenofp                            0x08002a00   Section        0  usenofp.o(x$fpl$usenofp)
    .constdata                               0x08002a0a   Section       24  rtc.o(.constdata)
    .constdata                               0x08002a22   Section     1536  oled0561.o(.constdata)
    .constdata                               0x08003024   Section      148  bigflt0.o(.constdata)
    tenpwrs_x                                0x08003024   Data          60  bigflt0.o(.constdata)
    tenpwrs_i                                0x08003060   Data          64  bigflt0.o(.constdata)
    locale$$data                             0x080030d8   Section       28  lc_numeric_c.o(locale$$data)
    __lcnum_c_name                           0x080030dc   Data           2  lc_numeric_c.o(locale$$data)
    __lcnum_c_start                          0x080030e4   Data           0  lc_numeric_c.o(locale$$data)
    __lcnum_c_point                          0x080030f0   Data           0  lc_numeric_c.o(locale$$data)
    __lcnum_c_thousands                      0x080030f2   Data           0  lc_numeric_c.o(locale$$data)
    __lcnum_c_grouping                       0x080030f3   Data           0  lc_numeric_c.o(locale$$data)
    __lcnum_c_end                            0x080030f4   Data           0  lc_numeric_c.o(locale$$data)
    .data                                    0x20000000   Section       20  stm32f10x_rcc.o(.data)
    APBAHBPrescTable                         0x20000000   Data          16  stm32f10x_rcc.o(.data)
    ADCPrescTable                            0x20000010   Data           4  stm32f10x_rcc.o(.data)
    .data                                    0x20000014   Section        2  rtc.o(.data)
    daycnt                                   0x20000014   Data           2  rtc.o(.data)
    .bss                                     0x20000018   Section       10  rtc.o(.bss)
    .bss                                     0x20000024   Section       96  libspace.o(.bss)
    HEAP                                     0x20000088   Section      512  startup_stm32f10x_md.o(HEAP)
    Heap_Mem                                 0x20000088   Data         512  startup_stm32f10x_md.o(HEAP)
    STACK                                    0x20000288   Section     1024  startup_stm32f10x_md.o(STACK)
    Stack_Mem                                0x20000288   Data        1024  startup_stm32f10x_md.o(STACK)
    __initial_sp                             0x20000688   Data           0  startup_stm32f10x_md.o(STACK)

    Global Symbols

    Symbol Name                              Value     Ov Type        Size  Object(Section)

    BuildAttributes$$THM_ISAv4$P$D$K$B$S$PE$A:L22UL41UL21$X:L11$S22US41US21$IEEE1$IW$USESV6$~STKCKD$USESV7$~SHL$OTIME$ROPI$IEEEJ$EBA8$UX$STANDARDLIB$REQ8$PRES8$EABIv2 0x00000000   Number         0  anon$$obj.o ABSOLUTE
    __ARM_use_no_argv                        0x00000000   Number         0  main.o ABSOLUTE
    _printf_flags                            0x00000000   Number         0  printf_stubs.o ABSOLUTE
    _printf_return_value                     0x00000000   Number         0  printf_stubs.o ABSOLUTE
    _printf_sizespec                         0x00000000   Number         0  printf_stubs.o ABSOLUTE
    _printf_widthprec                        0x00000000   Number         0  printf_stubs.o ABSOLUTE
    __ARM_exceptions_init                     - Undefined Weak Reference
    __alloca_initialize                       - Undefined Weak Reference
    __arm_preinit_                            - Undefined Weak Reference
    __cpp_initialize__aeabi_                  - Undefined Weak Reference
    __cxa_finalize                            - Undefined Weak Reference
    __sigvec_lookup                           - Undefined Weak Reference
    _atexit_init                              - Undefined Weak Reference
    _call_atexit_fns                          - Undefined Weak Reference
    _clock_init                               - Undefined Weak Reference
    _fp_trap_init                             - Undefined Weak Reference
    _fp_trap_shutdown                         - Undefined Weak Reference
    _get_lc_collate                           - Undefined Weak Reference
    _get_lc_ctype                             - Undefined Weak Reference
    _get_lc_monetary                          - Undefined Weak Reference
    _get_lc_time                              - Undefined Weak Reference
    _getenv_init                              - Undefined Weak Reference
    _handle_redirection                       - Undefined Weak Reference
    _init_alloc                               - Undefined Weak Reference
    _init_user_alloc                          - Undefined Weak Reference
    _initio                                   - Undefined Weak Reference
    _printf_post_padding                      - Undefined Weak Reference
    _printf_pre_padding                       - Undefined Weak Reference
    _rand_init                                - Undefined Weak Reference
    _signal_finish                            - Undefined Weak Reference
    _signal_init                              - Undefined Weak Reference
    _terminate_alloc                          - Undefined Weak Reference
    _terminate_user_alloc                     - Undefined Weak Reference
    _terminateio                              - Undefined Weak Reference
    __Vectors_Size                           0x000000ec   Number         0  startup_stm32f10x_md.o ABSOLUTE
    __Vectors                                0x08000000   Data           4  startup_stm32f10x_md.o(RESET)
    __Vectors_End                            0x080000ec   Data           0  startup_stm32f10x_md.o(RESET)
    __main                                   0x080000ed   Thumb Code     8  __main.o(!!!main)
    __scatterload                            0x080000f5   Thumb Code     0  __scatter.o(!!!scatter)
    __scatterload_rt2                        0x080000f5   Thumb Code    44  __scatter.o(!!!scatter)
    __scatterload_rt2_thumb_only             0x080000f5   Thumb Code     0  __scatter.o(!!!scatter)
    __scatterload_null                       0x08000103   Thumb Code     0  __scatter.o(!!!scatter)
    __scatterload_copy                       0x08000129   Thumb Code    26  __scatter_copy.o(!!handler_copy)
    __scatterload_zeroinit                   0x08000145   Thumb Code    28  __scatter_zi.o(!!handler_zi)
    _printf_f                                0x08000161   Thumb Code     0  _printf_f.o(.ARM.Collect$$_printf_percent$$00000003)
    _printf_percent                          0x08000161   Thumb Code     0  _printf_percent.o(.ARM.Collect$$_printf_percent$$00000000)
    _printf_percent_end                      0x08000167   Thumb Code     0  _printf_percent_end.o(.ARM.Collect$$_printf_percent$$00000017)
    __rt_lib_init                            0x0800016b   Thumb Code     0  libinit.o(.ARM.Collect$$libinit$$00000000)
    __rt_lib_init_fp_1                       0x0800016d   Thumb Code     0  libinit2.o(.ARM.Collect$$libinit$$00000002)
    __rt_lib_init_heap_1                     0x0800016d   Thumb Code     0  libinit2.o(.ARM.Collect$$libinit$$0000000A)
    __rt_lib_init_lc_common                  0x0800016d   Thumb Code     0  libinit2.o(.ARM.Collect$$libinit$$0000000F)
    __rt_lib_init_preinit_1                  0x0800016d   Thumb Code     0  libinit2.o(.ARM.Collect$$libinit$$00000004)
    __rt_lib_init_rand_1                     0x0800016d   Thumb Code     0  libinit2.o(.ARM.Collect$$libinit$$0000000E)
    __rt_lib_init_user_alloc_1               0x0800016d   Thumb Code     0  libinit2.o(.ARM.Collect$$libinit$$0000000C)
    __rt_lib_init_lc_collate_1               0x08000173   Thumb Code     0  libinit2.o(.ARM.Collect$$libinit$$00000011)
    __rt_lib_init_lc_ctype_1                 0x08000173   Thumb Code     0  libinit2.o(.ARM.Collect$$libinit$$00000013)
    __rt_lib_init_lc_monetary_1              0x08000173   Thumb Code     0  libinit2.o(.ARM.Collect$$libinit$$00000015)
    __rt_lib_init_lc_numeric_2               0x08000173   Thumb Code     0  libinit2.o(.ARM.Collect$$libinit$$00000016)
    __rt_lib_init_alloca_1                   0x0800017d   Thumb Code     0  libinit2.o(.ARM.Collect$$libinit$$0000002E)
    __rt_lib_init_argv_1                     0x0800017d   Thumb Code     0  libinit2.o(.ARM.Collect$$libinit$$0000002C)
    __rt_lib_init_atexit_1                   0x0800017d   Thumb Code     0  libinit2.o(.ARM.Collect$$libinit$$0000001B)
    __rt_lib_init_clock_1                    0x0800017d   Thumb Code     0  libinit2.o(.ARM.Collect$$libinit$$00000021)
    __rt_lib_init_cpp_1                      0x0800017d   Thumb Code     0  libinit2.o(.ARM.Collect$$libinit$$00000032)
    __rt_lib_init_exceptions_1               0x0800017d   Thumb Code     0  libinit2.o(.ARM.Collect$$libinit$$00000030)
    __rt_lib_init_fp_trap_1                  0x0800017d   Thumb Code     0  libinit2.o(.ARM.Collect$$libinit$$0000001F)
    __rt_lib_init_getenv_1                   0x0800017d   Thumb Code     0  libinit2.o(.ARM.Collect$$libinit$$00000023)
    __rt_lib_init_lc_numeric_1               0x0800017d   Thumb Code     0  libinit2.o(.ARM.Collect$$libinit$$00000017)
    __rt_lib_init_lc_time_1                  0x0800017d   Thumb Code     0  libinit2.o(.ARM.Collect$$libinit$$00000019)
    __rt_lib_init_return                     0x0800017d   Thumb Code     0  libinit2.o(.ARM.Collect$$libinit$$00000033)
    __rt_lib_init_signal_1                   0x0800017d   Thumb Code     0  libinit2.o(.ARM.Collect$$libinit$$0000001D)
    __rt_lib_init_stdio_1                    0x0800017d   Thumb Code     0  libinit2.o(.ARM.Collect$$libinit$$00000025)
    __rt_lib_shutdown                        0x0800017f   Thumb Code     0  libshutdown.o(.ARM.Collect$$libshutdown$$00000000)
    __rt_lib_shutdown_cpp_1                  0x08000181   Thumb Code     0  libshutdown2.o(.ARM.Collect$$libshutdown$$00000002)
    __rt_lib_shutdown_fp_trap_1              0x08000181   Thumb Code     0  libshutdown2.o(.ARM.Collect$$libshutdown$$00000007)
    __rt_lib_shutdown_heap_1                 0x08000181   Thumb Code     0  libshutdown2.o(.ARM.Collect$$libshutdown$$0000000F)
    __rt_lib_shutdown_return                 0x08000181   Thumb Code     0  libshutdown2.o(.ARM.Collect$$libshutdown$$00000010)
    __rt_lib_shutdown_signal_1               0x08000181   Thumb Code     0  libshutdown2.o(.ARM.Collect$$libshutdown$$0000000A)
    __rt_lib_shutdown_stdio_1                0x08000181   Thumb Code     0  libshutdown2.o(.ARM.Collect$$libshutdown$$00000004)
    __rt_lib_shutdown_user_alloc_1           0x08000181   Thumb Code     0  libshutdown2.o(.ARM.Collect$$libshutdown$$0000000C)
    __rt_entry                               0x08000183   Thumb Code     0  __rtentry.o(.ARM.Collect$$rtentry$$00000000)
    __rt_entry_presh_1                       0x08000183   Thumb Code     0  __rtentry2.o(.ARM.Collect$$rtentry$$00000002)
    __rt_entry_sh                            0x08000183   Thumb Code     0  __rtentry4.o(.ARM.Collect$$rtentry$$00000004)
    __rt_entry_li                            0x08000189   Thumb Code     0  __rtentry2.o(.ARM.Collect$$rtentry$$0000000A)
    __rt_entry_postsh_1                      0x08000189   Thumb Code     0  __rtentry2.o(.ARM.Collect$$rtentry$$00000009)
    __rt_entry_main                          0x0800018d   Thumb Code     0  __rtentry2.o(.ARM.Collect$$rtentry$$0000000D)
    __rt_entry_postli_1                      0x0800018d   Thumb Code     0  __rtentry2.o(.ARM.Collect$$rtentry$$0000000C)
    __rt_exit                                0x08000195   Thumb Code     0  rtexit.o(.ARM.Collect$$rtexit$$00000000)
    __rt_exit_ls                             0x08000197   Thumb Code     0  rtexit2.o(.ARM.Collect$$rtexit$$00000003)
    __rt_exit_prels_1                        0x08000197   Thumb Code     0  rtexit2.o(.ARM.Collect$$rtexit$$00000002)
    __rt_exit_exit                           0x0800019b   Thumb Code     0  rtexit2.o(.ARM.Collect$$rtexit$$00000004)
    Reset_Handler                            0x080001a1   Thumb Code     8  startup_stm32f10x_md.o(.text)
    ADC1_2_IRQHandler                        0x080001bb   Thumb Code     0  startup_stm32f10x_md.o(.text)
    CAN1_RX1_IRQHandler                      0x080001bb   Thumb Code     0  startup_stm32f10x_md.o(.text)
    CAN1_SCE_IRQHandler                      0x080001bb   Thumb Code     0  startup_stm32f10x_md.o(.text)
    DMA1_Channel1_IRQHandler                 0x080001bb   Thumb Code     0  startup_stm32f10x_md.o(.text)
    DMA1_Channel2_IRQHandler                 0x080001bb   Thumb Code     0  startup_stm32f10x_md.o(.text)
    DMA1_Channel3_IRQHandler                 0x080001bb   Thumb Code     0  startup_stm32f10x_md.o(.text)
    DMA1_Channel4_IRQHandler                 0x080001bb   Thumb Code     0  startup_stm32f10x_md.o(.text)
    DMA1_Channel5_IRQHandler                 0x080001bb   Thumb Code     0  startup_stm32f10x_md.o(.text)
    DMA1_Channel6_IRQHandler                 0x080001bb   Thumb Code     0  startup_stm32f10x_md.o(.text)
    DMA1_Channel7_IRQHandler                 0x080001bb   Thumb Code     0  startup_stm32f10x_md.o(.text)
    EXTI0_IRQHandler                         0x080001bb   Thumb Code     0  startup_stm32f10x_md.o(.text)
    EXTI15_10_IRQHandler                     0x080001bb   Thumb Code     0  startup_stm32f10x_md.o(.text)
    EXTI1_IRQHandler                         0x080001bb   Thumb Code     0  startup_stm32f10x_md.o(.text)
    EXTI2_IRQHandler                         0x080001bb   Thumb Code     0  startup_stm32f10x_md.o(.text)
    EXTI3_IRQHandler                         0x080001bb   Thumb Code     0  startup_stm32f10x_md.o(.text)
    EXTI4_IRQHandler                         0x080001bb   Thumb Code     0  startup_stm32f10x_md.o(.text)
    EXTI9_5_IRQHandler                       0x080001bb   Thumb Code     0  startup_stm32f10x_md.o(.text)
    FLASH_IRQHandler                         0x080001bb   Thumb Code     0  startup_stm32f10x_md.o(.text)
    I2C1_ER_IRQHandler                       0x080001bb   Thumb Code     0  startup_stm32f10x_md.o(.text)
    I2C1_EV_IRQHandler                       0x080001bb   Thumb Code     0  startup_stm32f10x_md.o(.text)
    I2C2_ER_IRQHandler                       0x080001bb   Thumb Code     0  startup_stm32f10x_md.o(.text)
    I2C2_EV_IRQHandler                       0x080001bb   Thumb Code     0  startup_stm32f10x_md.o(.text)
    PVD_IRQHandler                           0x080001bb   Thumb Code     0  startup_stm32f10x_md.o(.text)
    RCC_IRQHandler                           0x080001bb   Thumb Code     0  startup_stm32f10x_md.o(.text)
    RTCAlarm_IRQHandler                      0x080001bb   Thumb Code     0  startup_stm32f10x_md.o(.text)
    SPI1_IRQHandler                          0x080001bb   Thumb Code     0  startup_stm32f10x_md.o(.text)
    SPI2_IRQHandler                          0x080001bb   Thumb Code     0  startup_stm32f10x_md.o(.text)
    TAMPER_IRQHandler                        0x080001bb   Thumb Code     0  startup_stm32f10x_md.o(.text)
    TIM1_BRK_IRQHandler                      0x080001bb   Thumb Code     0  startup_stm32f10x_md.o(.text)
    TIM1_CC_IRQHandler                       0x080001bb   Thumb Code     0  startup_stm32f10x_md.o(.text)
    TIM1_TRG_COM_IRQHandler                  0x080001bb   Thumb Code     0  startup_stm32f10x_md.o(.text)
    TIM1_UP_IRQHandler                       0x080001bb   Thumb Code     0  startup_stm32f10x_md.o(.text)
    TIM2_IRQHandler                          0x080001bb   Thumb Code     0  startup_stm32f10x_md.o(.text)
    TIM3_IRQHandler                          0x080001bb   Thumb Code     0  startup_stm32f10x_md.o(.text)
    TIM4_IRQHandler                          0x080001bb   Thumb Code     0  startup_stm32f10x_md.o(.text)
    USART1_IRQHandler                        0x080001bb   Thumb Code     0  startup_stm32f10x_md.o(.text)
    USART2_IRQHandler                        0x080001bb   Thumb Code     0  startup_stm32f10x_md.o(.text)
    USART3_IRQHandler                        0x080001bb   Thumb Code     0  startup_stm32f10x_md.o(.text)
    USBWakeUp_IRQHandler                     0x080001bb   Thumb Code     0  startup_stm32f10x_md.o(.text)
    USB_HP_CAN1_TX_IRQHandler                0x080001bb   Thumb Code     0  startup_stm32f10x_md.o(.text)
    USB_LP_CAN1_RX0_IRQHandler               0x080001bb   Thumb Code     0  startup_stm32f10x_md.o(.text)
    WWDG_IRQHandler                          0x080001bb   Thumb Code     0  startup_stm32f10x_md.o(.text)
    __user_initial_stackheap                 0x080001bd   Thumb Code     0  startup_stm32f10x_md.o(.text)
    __2sprintf                               0x080001e1   Thumb Code    34  noretval__2sprintf.o(.text)
    __printf                                 0x08000209   Thumb Code   270  __printf_wp.o(.text)
    __aeabi_memcpy4                          0x08000317   Thumb Code     0  rt_memcpy_w.o(.text)
    __aeabi_memcpy8                          0x08000317   Thumb Code     0  rt_memcpy_w.o(.text)
    __rt_memcpy_w                            0x08000317   Thumb Code   100  rt_memcpy_w.o(.text)
    _memcpy_lastbytes_aligned                0x0800035f   Thumb Code     0  rt_memcpy_w.o(.text)
    __use_two_region_memory                  0x0800037b   Thumb Code     2  heapauxi.o(.text)
    __rt_heap_escrow$2region                 0x0800037d   Thumb Code     2  heapauxi.o(.text)
    __rt_heap_expand$2region                 0x0800037f   Thumb Code     2  heapauxi.o(.text)
    __lib_sel_fp_printf                      0x08000381   Thumb Code     2  _printf_fp_dec.o(.text)
    _printf_fp_dec_real                      0x08000533   Thumb Code   620  _printf_fp_dec.o(.text)
    _printf_char_common                      0x080007ab   Thumb Code    32  _printf_char_common.o(.text)
    _sputc                                   0x080007d1   Thumb Code    10  _sputc.o(.text)
    __rt_locale                              0x080007dd   Thumb Code     8  rt_locale_intlibspace.o(.text)
    _ll_udiv10                               0x080007e5   Thumb Code   138  lludiv10.o(.text)
    _printf_fp_infnan                        0x08000871   Thumb Code   112  _printf_fp_infnan.o(.text)
    _btod_etento                             0x080008f1   Thumb Code   224  bigflt0.o(.text)
    __user_libspace                          0x080009d5   Thumb Code     8  libspace.o(.text)
    __user_perproc_libspace                  0x080009d5   Thumb Code     0  libspace.o(.text)
    __user_perthread_libspace                0x080009d5   Thumb Code     0  libspace.o(.text)
    __user_setup_stackheap                   0x080009dd   Thumb Code    74  sys_stackheap_outer.o(.text)
    exit                                     0x08000a27   Thumb Code    18  exit.o(.text)
    strcmp                                   0x08000a39   Thumb Code   128  strcmpv7m.o(.text)
    _sys_exit                                0x08000ab9   Thumb Code     8  sys_exit.o(.text)
    __I$use$semihosting                      0x08000ac5   Thumb Code     0  use_no_semi.o(.text)
    __use_no_semihosting_swi                 0x08000ac5   Thumb Code     2  use_no_semi.o(.text)
    __semihosting_library_function           0x08000ac7   Thumb Code     0  indicate_semi.o(.text)
    _btod_d2e                                0x08000ac7   Thumb Code    62  btod.o(CL$$btod_d2e)
    _d2e_denorm_low                          0x08000b05   Thumb Code    70  btod.o(CL$$btod_d2e_denorm_low)
    _d2e_norm_op1                            0x08000b4b   Thumb Code    96  btod.o(CL$$btod_d2e_norm_op1)
    __btod_div_common                        0x08000bab   Thumb Code   696  btod.o(CL$$btod_div_common)
    _e2e                                     0x08000ee3   Thumb Code   220  btod.o(CL$$btod_e2e)
    _btod_ediv                               0x08000fbf   Thumb Code    42  btod.o(CL$$btod_ediv)
    _btod_emul                               0x08000fe9   Thumb Code    42  btod.o(CL$$btod_emul)
    __btod_mult_common                       0x08001013   Thumb Code   580  btod.o(CL$$btod_mult_common)
    BusFault_Handler                         0x08001257   Thumb Code     4  stm32f10x_it.o(i.BusFault_Handler)
    DebugMon_Handler                         0x0800125b   Thumb Code     2  stm32f10x_it.o(i.DebugMon_Handler)
    FLASH_PrefetchBufferCmd                  0x0800125d   Thumb Code    22  stm32f10x_flash.o(i.FLASH_PrefetchBufferCmd)
    FLASH_SetLatency                         0x08001279   Thumb Code    18  stm32f10x_flash.o(i.FLASH_SetLatency)
    GPIO_Init                                0x08001291   Thumb Code   278  stm32f10x_gpio.o(i.GPIO_Init)
    GPIO_WriteBit                            0x080013a7   Thumb Code    10  stm32f10x_gpio.o(i.GPIO_WriteBit)
    HardFault_Handler                        0x080013b1   Thumb Code     4  stm32f10x_it.o(i.HardFault_Handler)
    I2C1_Configration                        0x080013b5   Thumb Code   104  i2c_1.o(i.I2C1_Configration)
    I2C1_Read_Buffer                         0x08001429   Thumb Code   234  i2c_1.o(i.I2C1_Read_Buffer)
    I2C1_Send_Buffer                         0x08001525   Thumb Code   148  i2c_1.o(i.I2C1_Send_Buffer)
    I2C1_Send_Byte                           0x080015c5   Thumb Code   128  i2c_1.o(i.I2C1_Send_Byte)
    I2C_AcknowledgeConfig                    0x08001651   Thumb Code    24  stm32f10x_i2c.o(i.I2C_AcknowledgeConfig)
    I2C_CheckEvent                           0x08001669   Thumb Code    42  stm32f10x_i2c.o(i.I2C_CheckEvent)
    I2C_Cmd                                  0x08001693   Thumb Code    24  stm32f10x_i2c.o(i.I2C_Cmd)
    I2C_GenerateSTART                        0x080016ab   Thumb Code    24  stm32f10x_i2c.o(i.I2C_GenerateSTART)
    I2C_GenerateSTOP                         0x080016c3   Thumb Code    24  stm32f10x_i2c.o(i.I2C_GenerateSTOP)
    I2C_GetFlagStatus                        0x080016db   Thumb Code    58  stm32f10x_i2c.o(i.I2C_GetFlagStatus)
    I2C_Init                                 0x08001715   Thumb Code   222  stm32f10x_i2c.o(i.I2C_Init)
    I2C_ReceiveData                          0x08001801   Thumb Code     8  stm32f10x_i2c.o(i.I2C_ReceiveData)
    I2C_Send7bitAddress                      0x08001809   Thumb Code    18  stm32f10x_i2c.o(i.I2C_Send7bitAddress)
    I2C_SendData                             0x0800181b   Thumb Code     4  stm32f10x_i2c.o(i.I2C_SendData)
    Is_Leap_Year                             0x0800181f   Thumb Code    58  rtc.o(i.Is_Leap_Year)
    LM75A_GetTemp                            0x08001859   Thumb Code   112  lm75a.o(i.LM75A_GetTemp)
    MemManage_Handler                        0x080018d1   Thumb Code     4  stm32f10x_it.o(i.MemManage_Handler)
    NMI_Handler                              0x080018d5   Thumb Code     2  stm32f10x_it.o(i.NMI_Handler)
    OLED_Display_8x16                        0x080018d9   Thumb Code   150  oled0561.o(i.OLED_Display_8x16)
    OLED_Display_8x16_Buffer                 0x08001975   Thumb Code    36  oled0561.o(i.OLED_Display_8x16_Buffer)
    OLED_Display_Clear                       0x08001999   Thumb Code    68  oled0561.o(i.OLED_Display_Clear)
    OLED_Display_OFF                         0x080019dd   Thumb Code    28  oled0561.o(i.OLED_Display_OFF)
    OLED_Display_ON                          0x080019fd   Thumb Code    28  oled0561.o(i.OLED_Display_ON)
    OLED_Init                                0x08001a1d   Thumb Code    42  oled0561.o(i.OLED_Init)
    PendSV_Handler                           0x08001a61   Thumb Code     2  stm32f10x_it.o(i.PendSV_Handler)
    RCC_APB1PeriphClockCmd                   0x08001a65   Thumb Code    26  stm32f10x_rcc.o(i.RCC_APB1PeriphClockCmd)
    RCC_APB2PeriphClockCmd                   0x08001a85   Thumb Code    26  stm32f10x_rcc.o(i.RCC_APB2PeriphClockCmd)
    RCC_Configuration                        0x08001aa5   Thumb Code   100  main.o(i.RCC_Configuration)
    RCC_DeInit                               0x08001b09   Thumb Code    64  stm32f10x_rcc.o(i.RCC_DeInit)
    RCC_GetClocksFreq                        0x08001b55   Thumb Code   192  stm32f10x_rcc.o(i.RCC_GetClocksFreq)
    RCC_GetFlagStatus                        0x08001c29   Thumb Code    56  stm32f10x_rcc.o(i.RCC_GetFlagStatus)
    RCC_GetSYSCLKSource                      0x08001c65   Thumb Code    10  stm32f10x_rcc.o(i.RCC_GetSYSCLKSource)
    RCC_HCLKConfig                           0x08001c75   Thumb Code    18  stm32f10x_rcc.o(i.RCC_HCLKConfig)
    RCC_HSEConfig                            0x08001c8d   Thumb Code    70  stm32f10x_rcc.o(i.RCC_HSEConfig)
    RCC_PCLK1Config                          0x08001cd9   Thumb Code    18  stm32f10x_rcc.o(i.RCC_PCLK1Config)
    RCC_PCLK2Config                          0x08001cf1   Thumb Code    20  stm32f10x_rcc.o(i.RCC_PCLK2Config)
    RCC_PLLCmd                               0x08001d09   Thumb Code     6  stm32f10x_rcc.o(i.RCC_PLLCmd)
    RCC_PLLConfig                            0x08001d15   Thumb Code    24  stm32f10x_rcc.o(i.RCC_PLLConfig)
    RCC_SYSCLKConfig                         0x08001d31   Thumb Code    18  stm32f10x_rcc.o(i.RCC_SYSCLKConfig)
    RCC_WaitForHSEStartUp                    0x08001d49   Thumb Code    56  stm32f10x_rcc.o(i.RCC_WaitForHSEStartUp)
    RTC_ClearITPendingBit                    0x08001d81   Thumb Code    12  stm32f10x_rtc.o(i.RTC_ClearITPendingBit)
    RTC_Get                                  0x08001d91   Thumb Code   240  rtc.o(i.RTC_Get)
    RTC_GetCounter                           0x08001e91   Thumb Code    16  stm32f10x_rtc.o(i.RTC_GetCounter)
    RTC_GetITStatus                          0x08001ea5   Thumb Code    32  stm32f10x_rtc.o(i.RTC_GetITStatus)
    RTC_Get_Week                             0x08001ec9   Thumb Code   116  rtc.o(i.RTC_Get_Week)
    RTC_IRQHandler                           0x08001f41   Thumb Code   204  rtc.o(i.RTC_IRQHandler)
    RTC_WaitForLastTask                      0x08002011   Thumb Code    16  stm32f10x_rtc.o(i.RTC_WaitForLastTask)
    Release_DIN                              0x08002025   Thumb Code    16  tm1640.o(i.Release_DIN)
    Release_SCLK                             0x08002039   Thumb Code    16  tm1640.o(i.Release_SCLK)
    SVC_Handler                              0x0800204d   Thumb Code     2  stm32f10x_it.o(i.SVC_Handler)
    Set_DIN                                  0x08002139   Thumb Code    14  tm1640.o(i.Set_DIN)
    Set_SCLK                                 0x0800214d   Thumb Code    14  tm1640.o(i.Set_SCLK)
    SysTick_Handler                          0x08002161   Thumb Code     2  stm32f10x_it.o(i.SysTick_Handler)
    SystemInit                               0x08002165   Thumb Code    78  system_stm32f10x.o(i.SystemInit)
    TM1640_Display_Number_With_Address       0x080021c5   Thumb Code   164  tm1640.o(i.TM1640_Display_Number_With_Address)
    TM1640_Display_on                        0x0800226d   Thumb Code    32  tm1640.o(i.TM1640_Display_on)
    TM1640_End                               0x0800228d   Thumb Code    28  tm1640.o(i.TM1640_End)
    TM1640_Fix_Address_Display               0x080022a9   Thumb Code    62  tm1640.o(i.TM1640_Fix_Address_Display)
    TM1640_Start                             0x080022e7   Thumb Code    48  tm1640.o(i.TM1640_Start)
    TM1640_Write_Byte                        0x08002317   Thumb Code    70  tm1640.o(i.TM1640_Write_Byte)
    UsageFault_Handler                       0x0800235d   Thumb Code     4  stm32f10x_it.o(i.UsageFault_Handler)
    __ARM_fpclassify                         0x08002361   Thumb Code    40  fpclassify.o(i.__ARM_fpclassify)
    _is_digit                                0x08002389   Thumb Code    14  __printf_wp.o(i._is_digit)
    delay_ms                                 0x08002397   Thumb Code    24  utils.o(i.delay_ms)
    delay_s                                  0x080023af   Thumb Code    24  utils.o(i.delay_s)
    delay_us                                 0x080023c7   Thumb Code    46  utils.o(i.delay_us)
    main                                     0x080023f5   Thumb Code    80  main.o(i.main)
    _get_lc_numeric                          0x0800245d   Thumb Code    44  lc_numeric_c.o(locale$$code)
    __aeabi_dadd                             0x08002489   Thumb Code     0  daddsub_clz.o(x$fpl$dadd)
    _dadd                                    0x08002489   Thumb Code   332  daddsub_clz.o(x$fpl$dadd)
    __aeabi_i2d                              0x080025d9   Thumb Code     0  dflt_clz.o(x$fpl$dflt)
    _dflt                                    0x080025d9   Thumb Code    46  dflt_clz.o(x$fpl$dflt)
    __aeabi_ui2d                             0x08002607   Thumb Code     0  dflt_clz.o(x$fpl$dfltu)
    _dfltu                                   0x08002607   Thumb Code    38  dflt_clz.o(x$fpl$dfltu)
    __aeabi_dmul                             0x0800262d   Thumb Code     0  dmul.o(x$fpl$dmul)
    _dmul                                    0x0800262d   Thumb Code   332  dmul.o(x$fpl$dmul)
    __fpl_dnaninf                            0x08002781   Thumb Code   156  dnaninf.o(x$fpl$dnaninf)
    __fpl_dretinf                            0x0800281d   Thumb Code    12  dretinf.o(x$fpl$dretinf)
    __aeabi_dsub                             0x08002829   Thumb Code     0  daddsub_clz.o(x$fpl$dsub)
    _dsub                                    0x08002829   Thumb Code   464  daddsub_clz.o(x$fpl$dsub)
    _printf_fp_dec                           0x080029fd   Thumb Code     4  printf1.o(x$fpl$printf1)
    DispCode                                 0x08002a00   Data          10  tm1640.o(.constdata)
    __I$use$fp                               0x08002a00   Number         0  usenofp.o(x$fpl$usenofp)
    mon_table                                0x08002a0a   Data          12  rtc.o(.constdata)
    table_week                               0x08002a16   Data          12  rtc.o(.constdata)
    ASCII_8x16                               0x08002a22   Data        1536  oled0561.o(.constdata)
    Region$$Table$$Base                      0x080030b8   Number         0  anon$$obj.o(Region$$Table)
    Region$$Table$$Limit                     0x080030d8   Number         0  anon$$obj.o(Region$$Table)
    calendar                                 0x20000018   Data          10  rtc.o(.bss)
    __libspace_start                         0x20000024   Data          96  libspace.o(.bss)
    __temporary_stack_top$libspace           0x20000084   Data           0  libspace.o(.bss)



==============================================================================

Memory Map of the image

  Image Entry point : 0x080000ed

  Load Region LR_IROM1 (Base: 0x08000000, Size: 0x0000310c, Max: 0x00010000, ABSOLUTE)

    Execution Region ER_IROM1 (Exec base: 0x08000000, Load base: 0x08000000, Size: 0x000030f4, Max: 0x00010000, ABSOLUTE)

    Exec Addr    Load Addr    Size         Type   Attr      Idx    E Section Name        Object

    0x08000000   0x08000000   0x000000ec   Data   RO         3619    RESET               startup_stm32f10x_md.o
    0x080000ec   0x080000ec   0x00000008   Code   RO         3685  * !!!main             c_w.l(__main.o)
    0x080000f4   0x080000f4   0x00000034   Code   RO         3915    !!!scatter          c_w.l(__scatter.o)
    0x08000128   0x08000128   0x0000001a   Code   RO         3917    !!handler_copy      c_w.l(__scatter_copy.o)
    0x08000142   0x08000142   0x00000002   PAD
    0x08000144   0x08000144   0x0000001c   Code   RO         3919    !!handler_zi        c_w.l(__scatter_zi.o)
    0x08000160   0x08000160   0x00000000   Code   RO         3680    .ARM.Collect$$_printf_percent$$00000000  c_w.l(_printf_percent.o)
    0x08000160   0x08000160   0x00000006   Code   RO         3679    .ARM.Collect$$_printf_percent$$00000003  c_w.l(_printf_f.o)
    0x08000166   0x08000166   0x00000004   Code   RO         3710    .ARM.Collect$$_printf_percent$$00000017  c_w.l(_printf_percent_end.o)
    0x0800016a   0x0800016a   0x00000002   Code   RO         3788    .ARM.Collect$$libinit$$00000000  c_w.l(libinit.o)
    0x0800016c   0x0800016c   0x00000000   Code   RO         3790    .ARM.Collect$$libinit$$00000002  c_w.l(libinit2.o)
    0x0800016c   0x0800016c   0x00000000   Code   RO         3792    .ARM.Collect$$libinit$$00000004  c_w.l(libinit2.o)
    0x0800016c   0x0800016c   0x00000000   Code   RO         3795    .ARM.Collect$$libinit$$0000000A  c_w.l(libinit2.o)
    0x0800016c   0x0800016c   0x00000000   Code   RO         3797    .ARM.Collect$$libinit$$0000000C  c_w.l(libinit2.o)
    0x0800016c   0x0800016c   0x00000000   Code   RO         3799    .ARM.Collect$$libinit$$0000000E  c_w.l(libinit2.o)
    0x0800016c   0x0800016c   0x00000006   Code   RO         3800    .ARM.Collect$$libinit$$0000000F  c_w.l(libinit2.o)
    0x08000172   0x08000172   0x00000000   Code   RO         3802    .ARM.Collect$$libinit$$00000011  c_w.l(libinit2.o)
    0x08000172   0x08000172   0x00000000   Code   RO         3804    .ARM.Collect$$libinit$$00000013  c_w.l(libinit2.o)
    0x08000172   0x08000172   0x00000000   Code   RO         3806    .ARM.Collect$$libinit$$00000015  c_w.l(libinit2.o)
    0x08000172   0x08000172   0x0000000a   Code   RO         3807    .ARM.Collect$$libinit$$00000016  c_w.l(libinit2.o)
    0x0800017c   0x0800017c   0x00000000   Code   RO         3808    .ARM.Collect$$libinit$$00000017  c_w.l(libinit2.o)
    0x0800017c   0x0800017c   0x00000000   Code   RO         3810    .ARM.Collect$$libinit$$00000019  c_w.l(libinit2.o)
    0x0800017c   0x0800017c   0x00000000   Code   RO         3812    .ARM.Collect$$libinit$$0000001B  c_w.l(libinit2.o)
    0x0800017c   0x0800017c   0x00000000   Code   RO         3814    .ARM.Collect$$libinit$$0000001D  c_w.l(libinit2.o)
    0x0800017c   0x0800017c   0x00000000   Code   RO         3816    .ARM.Collect$$libinit$$0000001F  c_w.l(libinit2.o)
    0x0800017c   0x0800017c   0x00000000   Code   RO         3818    .ARM.Collect$$libinit$$00000021  c_w.l(libinit2.o)
    0x0800017c   0x0800017c   0x00000000   Code   RO         3820    .ARM.Collect$$libinit$$00000023  c_w.l(libinit2.o)
    0x0800017c   0x0800017c   0x00000000   Code   RO         3822    .ARM.Collect$$libinit$$00000025  c_w.l(libinit2.o)
    0x0800017c   0x0800017c   0x00000000   Code   RO         3826    .ARM.Collect$$libinit$$0000002C  c_w.l(libinit2.o)
    0x0800017c   0x0800017c   0x00000000   Code   RO         3828    .ARM.Collect$$libinit$$0000002E  c_w.l(libinit2.o)
    0x0800017c   0x0800017c   0x00000000   Code   RO         3830    .ARM.Collect$$libinit$$00000030  c_w.l(libinit2.o)
    0x0800017c   0x0800017c   0x00000000   Code   RO         3832    .ARM.Collect$$libinit$$00000032  c_w.l(libinit2.o)
    0x0800017c   0x0800017c   0x00000002   Code   RO         3833    .ARM.Collect$$libinit$$00000033  c_w.l(libinit2.o)
    0x0800017e   0x0800017e   0x00000002   Code   RO         3863    .ARM.Collect$$libshutdown$$00000000  c_w.l(libshutdown.o)
    0x08000180   0x08000180   0x00000000   Code   RO         3874    .ARM.Collect$$libshutdown$$00000002  c_w.l(libshutdown2.o)
    0x08000180   0x08000180   0x00000000   Code   RO         3876    .ARM.Collect$$libshutdown$$00000004  c_w.l(libshutdown2.o)
    0x08000180   0x08000180   0x00000000   Code   RO         3879    .ARM.Collect$$libshutdown$$00000007  c_w.l(libshutdown2.o)
    0x08000180   0x08000180   0x00000000   Code   RO         3882    .ARM.Collect$$libshutdown$$0000000A  c_w.l(libshutdown2.o)
    0x08000180   0x08000180   0x00000000   Code   RO         3884    .ARM.Collect$$libshutdown$$0000000C  c_w.l(libshutdown2.o)
    0x08000180   0x08000180   0x00000000   Code   RO         3887    .ARM.Collect$$libshutdown$$0000000F  c_w.l(libshutdown2.o)
    0x08000180   0x08000180   0x00000002   Code   RO         3888    .ARM.Collect$$libshutdown$$00000010  c_w.l(libshutdown2.o)
    0x08000182   0x08000182   0x00000000   Code   RO         3703    .ARM.Collect$$rtentry$$00000000  c_w.l(__rtentry.o)
    0x08000182   0x08000182   0x00000000   Code   RO         3717    .ARM.Collect$$rtentry$$00000002  c_w.l(__rtentry2.o)
    0x08000182   0x08000182   0x00000006   Code   RO         3729    .ARM.Collect$$rtentry$$00000004  c_w.l(__rtentry4.o)
    0x08000188   0x08000188   0x00000000   Code   RO         3719    .ARM.Collect$$rtentry$$00000009  c_w.l(__rtentry2.o)
    0x08000188   0x08000188   0x00000004   Code   RO         3720    .ARM.Collect$$rtentry$$0000000A  c_w.l(__rtentry2.o)
    0x0800018c   0x0800018c   0x00000000   Code   RO         3722    .ARM.Collect$$rtentry$$0000000C  c_w.l(__rtentry2.o)
    0x0800018c   0x0800018c   0x00000008   Code   RO         3723    .ARM.Collect$$rtentry$$0000000D  c_w.l(__rtentry2.o)
    0x08000194   0x08000194   0x00000002   Code   RO         3834    .ARM.Collect$$rtexit$$00000000  c_w.l(rtexit.o)
    0x08000196   0x08000196   0x00000000   Code   RO         3841    .ARM.Collect$$rtexit$$00000002  c_w.l(rtexit2.o)
    0x08000196   0x08000196   0x00000004   Code   RO         3842    .ARM.Collect$$rtexit$$00000003  c_w.l(rtexit2.o)
    0x0800019a   0x0800019a   0x00000006   Code   RO         3843    .ARM.Collect$$rtexit$$00000004  c_w.l(rtexit2.o)
    0x080001a0   0x080001a0   0x00000040   Code   RO         3620    .text               startup_stm32f10x_md.o
    0x080001e0   0x080001e0   0x00000028   Code   RO         3655    .text               c_w.l(noretval__2sprintf.o)
    0x08000208   0x08000208   0x0000010e   Code   RO         3667    .text               c_w.l(__printf_wp.o)
    0x08000316   0x08000316   0x00000064   Code   RO         3681    .text               c_w.l(rt_memcpy_w.o)
    0x0800037a   0x0800037a   0x00000006   Code   RO         3683    .text               c_w.l(heapauxi.o)
    0x08000380   0x08000380   0x0000041e   Code   RO         3704    .text               c_w.l(_printf_fp_dec.o)
    0x0800079e   0x0800079e   0x00000002   PAD
    0x080007a0   0x080007a0   0x00000030   Code   RO         3706    .text               c_w.l(_printf_char_common.o)
    0x080007d0   0x080007d0   0x0000000a   Code   RO         3708    .text               c_w.l(_sputc.o)
    0x080007da   0x080007da   0x00000002   PAD
    0x080007dc   0x080007dc   0x00000008   Code   RO         3734    .text               c_w.l(rt_locale_intlibspace.o)
    0x080007e4   0x080007e4   0x0000008a   Code   RO         3736    .text               c_w.l(lludiv10.o)
    0x0800086e   0x0800086e   0x00000002   PAD
    0x08000870   0x08000870   0x00000080   Code   RO         3738    .text               c_w.l(_printf_fp_infnan.o)
    0x080008f0   0x080008f0   0x000000e4   Code   RO         3742    .text               c_w.l(bigflt0.o)
    0x080009d4   0x080009d4   0x00000008   Code   RO         3774    .text               c_w.l(libspace.o)
    0x080009dc   0x080009dc   0x0000004a   Code   RO         3777    .text               c_w.l(sys_stackheap_outer.o)
    0x08000a26   0x08000a26   0x00000012   Code   RO         3779    .text               c_w.l(exit.o)
    0x08000a38   0x08000a38   0x00000080   Code   RO         3781    .text               c_w.l(strcmpv7m.o)
    0x08000ab8   0x08000ab8   0x0000000c   Code   RO         3853    .text               c_w.l(sys_exit.o)
    0x08000ac4   0x08000ac4   0x00000002   Code   RO         3864    .text               c_w.l(use_no_semi.o)
    0x08000ac6   0x08000ac6   0x00000000   Code   RO         3866    .text               c_w.l(indicate_semi.o)
    0x08000ac6   0x08000ac6   0x0000003e   Code   RO         3745    CL$$btod_d2e        c_w.l(btod.o)
    0x08000b04   0x08000b04   0x00000046   Code   RO         3747    CL$$btod_d2e_denorm_low  c_w.l(btod.o)
    0x08000b4a   0x08000b4a   0x00000060   Code   RO         3746    CL$$btod_d2e_norm_op1  c_w.l(btod.o)
    0x08000baa   0x08000baa   0x00000338   Code   RO         3755    CL$$btod_div_common  c_w.l(btod.o)
    0x08000ee2   0x08000ee2   0x000000dc   Code   RO         3752    CL$$btod_e2e        c_w.l(btod.o)
    0x08000fbe   0x08000fbe   0x0000002a   Code   RO         3749    CL$$btod_ediv       c_w.l(btod.o)
    0x08000fe8   0x08000fe8   0x0000002a   Code   RO         3748    CL$$btod_emul       c_w.l(btod.o)
    0x08001012   0x08001012   0x00000244   Code   RO         3754    CL$$btod_mult_common  c_w.l(btod.o)
    0x08001256   0x08001256   0x00000004   Code   RO          197    i.BusFault_Handler  stm32f10x_it.o
    0x0800125a   0x0800125a   0x00000002   Code   RO          198    i.DebugMon_Handler  stm32f10x_it.o
    0x0800125c   0x0800125c   0x0000001c   Code   RO         1128    i.FLASH_PrefetchBufferCmd  stm32f10x_flash.o
    0x08001278   0x08001278   0x00000018   Code   RO         1133    i.FLASH_SetLatency  stm32f10x_flash.o
    0x08001290   0x08001290   0x00000116   Code   RO         1411    i.GPIO_Init         stm32f10x_gpio.o
    0x080013a6   0x080013a6   0x0000000a   Code   RO         1422    i.GPIO_WriteBit     stm32f10x_gpio.o
    0x080013b0   0x080013b0   0x00000004   Code   RO          199    i.HardFault_Handler  stm32f10x_it.o
    0x080013b4   0x080013b4   0x00000074   Code   RO         3488    i.I2C1_Configration  i2c_1.o
    0x08001428   0x08001428   0x000000fc   Code   RO         3489    i.I2C1_Read_Buffer  i2c_1.o
    0x08001524   0x08001524   0x000000a0   Code   RO         3491    i.I2C1_Send_Buffer  i2c_1.o
    0x080015c4   0x080015c4   0x0000008c   Code   RO         3492    i.I2C1_Send_Byte    i2c_1.o
    0x08001650   0x08001650   0x00000018   Code   RO         1520    i.I2C_AcknowledgeConfig  stm32f10x_i2c.o
    0x08001668   0x08001668   0x0000002a   Code   RO         1522    i.I2C_CheckEvent    stm32f10x_i2c.o
    0x08001692   0x08001692   0x00000018   Code   RO         1525    i.I2C_Cmd           stm32f10x_i2c.o
    0x080016aa   0x080016aa   0x00000018   Code   RO         1532    i.I2C_GenerateSTART  stm32f10x_i2c.o
    0x080016c2   0x080016c2   0x00000018   Code   RO         1533    i.I2C_GenerateSTOP  stm32f10x_i2c.o
    0x080016da   0x080016da   0x0000003a   Code   RO         1534    i.I2C_GetFlagStatus  stm32f10x_i2c.o
    0x08001714   0x08001714   0x000000ec   Code   RO         1539    i.I2C_Init          stm32f10x_i2c.o
    0x08001800   0x08001800   0x00000008   Code   RO         1544    i.I2C_ReceiveData   stm32f10x_i2c.o
    0x08001808   0x08001808   0x00000012   Code   RO         1546    i.I2C_Send7bitAddress  stm32f10x_i2c.o
    0x0800181a   0x0800181a   0x00000004   Code   RO         1547    i.I2C_SendData      stm32f10x_i2c.o
    0x0800181e   0x0800181e   0x0000003a   Code   RO         3410    i.Is_Leap_Year      rtc.o
    0x08001858   0x08001858   0x00000078   Code   RO         3527    i.LM75A_GetTemp     lm75a.o
    0x080018d0   0x080018d0   0x00000004   Code   RO          200    i.MemManage_Handler  stm32f10x_it.o
    0x080018d4   0x080018d4   0x00000002   Code   RO          201    i.NMI_Handler       stm32f10x_it.o
    0x080018d6   0x080018d6   0x00000002   PAD
    0x080018d8   0x080018d8   0x0000009c   Code   RO         3560    i.OLED_Display_8x16  oled0561.o
    0x08001974   0x08001974   0x00000024   Code   RO         3561    i.OLED_Display_8x16_Buffer  oled0561.o
    0x08001998   0x08001998   0x00000044   Code   RO         3562    i.OLED_Display_Clear  oled0561.o
    0x080019dc   0x080019dc   0x00000020   Code   RO         3564    i.OLED_Display_OFF  oled0561.o
    0x080019fc   0x080019fc   0x00000020   Code   RO         3565    i.OLED_Display_ON   oled0561.o
    0x08001a1c   0x08001a1c   0x00000044   Code   RO         3566    i.OLED_Init         oled0561.o
    0x08001a60   0x08001a60   0x00000002   Code   RO          202    i.PendSV_Handler    stm32f10x_it.o
    0x08001a62   0x08001a62   0x00000002   PAD
    0x08001a64   0x08001a64   0x00000020   Code   RO         1827    i.RCC_APB1PeriphClockCmd  stm32f10x_rcc.o
    0x08001a84   0x08001a84   0x00000020   Code   RO         1829    i.RCC_APB2PeriphClockCmd  stm32f10x_rcc.o
    0x08001aa4   0x08001aa4   0x00000064   Code   RO          130    i.RCC_Configuration  main.o
    0x08001b08   0x08001b08   0x0000004c   Code   RO         1836    i.RCC_DeInit        stm32f10x_rcc.o
    0x08001b54   0x08001b54   0x000000d4   Code   RO         1837    i.RCC_GetClocksFreq  stm32f10x_rcc.o
    0x08001c28   0x08001c28   0x0000003c   Code   RO         1838    i.RCC_GetFlagStatus  stm32f10x_rcc.o
    0x08001c64   0x08001c64   0x00000010   Code   RO         1840    i.RCC_GetSYSCLKSource  stm32f10x_rcc.o
    0x08001c74   0x08001c74   0x00000018   Code   RO         1841    i.RCC_HCLKConfig    stm32f10x_rcc.o
    0x08001c8c   0x08001c8c   0x0000004c   Code   RO         1842    i.RCC_HSEConfig     stm32f10x_rcc.o
    0x08001cd8   0x08001cd8   0x00000018   Code   RO         1848    i.RCC_PCLK1Config   stm32f10x_rcc.o
    0x08001cf0   0x08001cf0   0x00000018   Code   RO         1849    i.RCC_PCLK2Config   stm32f10x_rcc.o
    0x08001d08   0x08001d08   0x0000000c   Code   RO         1850    i.RCC_PLLCmd        stm32f10x_rcc.o
    0x08001d14   0x08001d14   0x0000001c   Code   RO         1851    i.RCC_PLLConfig     stm32f10x_rcc.o
    0x08001d30   0x08001d30   0x00000018   Code   RO         1854    i.RCC_SYSCLKConfig  stm32f10x_rcc.o
    0x08001d48   0x08001d48   0x00000038   Code   RO         1856    i.RCC_WaitForHSEStartUp  stm32f10x_rcc.o
    0x08001d80   0x08001d80   0x00000010   Code   RO         2026    i.RTC_ClearITPendingBit  stm32f10x_rtc.o
    0x08001d90   0x08001d90   0x00000100   Code   RO         3411    i.RTC_Get           rtc.o
    0x08001e90   0x08001e90   0x00000014   Code   RO         2029    i.RTC_GetCounter    stm32f10x_rtc.o
    0x08001ea4   0x08001ea4   0x00000024   Code   RO         2032    i.RTC_GetITStatus   stm32f10x_rtc.o
    0x08001ec8   0x08001ec8   0x00000078   Code   RO         3412    i.RTC_Get_Week      rtc.o
    0x08001f40   0x08001f40   0x000000d0   Code   RO         3413    i.RTC_IRQHandler    rtc.o
    0x08002010   0x08002010   0x00000014   Code   RO         2037    i.RTC_WaitForLastTask  stm32f10x_rtc.o
    0x08002024   0x08002024   0x00000014   Code   RO         3308    i.Release_DIN       tm1640.o
    0x08002038   0x08002038   0x00000014   Code   RO         3309    i.Release_SCLK      tm1640.o
    0x0800204c   0x0800204c   0x00000002   Code   RO          203    i.SVC_Handler       stm32f10x_it.o
    0x0800204e   0x0800204e   0x00000008   Code   RO           17    i.SetSysClock       system_stm32f10x.o
    0x08002056   0x08002056   0x00000002   PAD
    0x08002058   0x08002058   0x000000e0   Code   RO           18    i.SetSysClockTo72   system_stm32f10x.o
    0x08002138   0x08002138   0x00000014   Code   RO         3310    i.Set_DIN           tm1640.o
    0x0800214c   0x0800214c   0x00000014   Code   RO         3311    i.Set_SCLK          tm1640.o
    0x08002160   0x08002160   0x00000002   Code   RO          204    i.SysTick_Handler   stm32f10x_it.o
    0x08002162   0x08002162   0x00000002   PAD
    0x08002164   0x08002164   0x00000060   Code   RO           20    i.SystemInit        system_stm32f10x.o
    0x080021c4   0x080021c4   0x000000a8   Code   RO         3314    i.TM1640_Display_Number_With_Address  tm1640.o
    0x0800226c   0x0800226c   0x00000020   Code   RO         3316    i.TM1640_Display_on  tm1640.o
    0x0800228c   0x0800228c   0x0000001c   Code   RO         3317    i.TM1640_End        tm1640.o
    0x080022a8   0x080022a8   0x0000003e   Code   RO         3318    i.TM1640_Fix_Address_Display  tm1640.o
    0x080022e6   0x080022e6   0x00000030   Code   RO         3321    i.TM1640_Start      tm1640.o
    0x08002316   0x08002316   0x00000046   Code   RO         3322    i.TM1640_Write_Byte  tm1640.o
    0x0800235c   0x0800235c   0x00000004   Code   RO          205    i.UsageFault_Handler  stm32f10x_it.o
    0x08002360   0x08002360   0x00000028   Code   RO         3772    i.__ARM_fpclassify  m_ws.l(fpclassify.o)
    0x08002388   0x08002388   0x0000000e   Code   RO         3669    i._is_digit         c_w.l(__printf_wp.o)
    0x08002396   0x08002396   0x00000018   Code   RO         3624    i.delay_ms          utils.o
    0x080023ae   0x080023ae   0x00000018   Code   RO         3625    i.delay_s           utils.o
    0x080023c6   0x080023c6   0x0000002e   Code   RO         3626    i.delay_us          utils.o
    0x080023f4   0x080023f4   0x00000068   Code   RO          131    i.main              main.o
    0x0800245c   0x0800245c   0x0000002c   Code   RO         3768    locale$$code        c_w.l(lc_numeric_c.o)
    0x08002488   0x08002488   0x00000150   Code   RO         3687    x$fpl$dadd          fz_ws.l(daddsub_clz.o)
    0x080025d8   0x080025d8   0x0000002e   Code   RO         3694    x$fpl$dflt          fz_ws.l(dflt_clz.o)
    0x08002606   0x08002606   0x00000026   Code   RO         3693    x$fpl$dfltu         fz_ws.l(dflt_clz.o)
    0x0800262c   0x0800262c   0x00000154   Code   RO         3699    x$fpl$dmul          fz_ws.l(dmul.o)
    0x08002780   0x08002780   0x0000009c   Code   RO         3711    x$fpl$dnaninf       fz_ws.l(dnaninf.o)
    0x0800281c   0x0800281c   0x0000000c   Code   RO         3713    x$fpl$dretinf       fz_ws.l(dretinf.o)
    0x08002828   0x08002828   0x000001d4   Code   RO         3689    x$fpl$dsub          fz_ws.l(daddsub_clz.o)
    0x080029fc   0x080029fc   0x00000004   Code   RO         3701    x$fpl$printf1       fz_ws.l(printf1.o)
    0x08002a00   0x08002a00   0x00000000   Code   RO         3715    x$fpl$usenofp       fz_ws.l(usenofp.o)
    0x08002a00   0x08002a00   0x0000000a   Data   RO         3323    .constdata          tm1640.o
    0x08002a0a   0x08002a0a   0x00000018   Data   RO         3417    .constdata          rtc.o
    0x08002a22   0x08002a22   0x00000600   Data   RO         3567    .constdata          oled0561.o
    0x08003022   0x08003022   0x00000002   PAD
    0x08003024   0x08003024   0x00000094   Data   RO         3743    .constdata          c_w.l(bigflt0.o)
    0x080030b8   0x080030b8   0x00000020   Data   RO         3913    Region$$Table       anon$$obj.o
    0x080030d8   0x080030d8   0x0000001c   Data   RO         3767    locale$$data        c_w.l(lc_numeric_c.o)


    Execution Region RW_IRAM1 (Exec base: 0x20000000, Load base: 0x080030f4, Size: 0x00000688, Max: 0x00005000, ABSOLUTE)

    Exec Addr    Load Addr    Size         Type   Attr      Idx    E Section Name        Object

    0x20000000   0x080030f4   0x00000014   Data   RW         1857    .data               stm32f10x_rcc.o
    0x20000014   0x08003108   0x00000002   Data   RW         3418    .data               rtc.o
    0x20000016   0x0800310a   0x00000002   PAD
    0x20000018        -       0x0000000a   Zero   RW         3416    .bss                rtc.o
    0x20000022   0x0800310a   0x00000002   PAD
    0x20000024        -       0x00000060   Zero   RW         3775    .bss                c_w.l(libspace.o)
    0x20000084   0x0800310a   0x00000004   PAD
    0x20000088        -       0x00000200   Zero   RW         3618    HEAP                startup_stm32f10x_md.o
    0x20000288        -       0x00000400   Zero   RW         3617    STACK               startup_stm32f10x_md.o


==============================================================================

Image component sizes


      Code (inc. data)   RO Data    RW Data    ZI Data      Debug   Object Name

         0          0          0          0          0       4540   core_cm3.o
       668         54          0          0          0       3159   i2c_1.o
       120          8          0          0          0        592   lm75a.o
       204         24          0          0          0     202763   main.o
       392         40       1536          0          0       4170   oled0561.o
       642         24         24          2         10       3457   rtc.o
        64         26        236          0       1536        780   startup_stm32f10x_md.o
        52         12          0          0          0        993   stm32f10x_flash.o
       288          0          0          0          0       2492   stm32f10x_gpio.o
       462         14          0          0          0       7216   stm32f10x_i2c.o
        26          0          0          0          0       3590   stm32f10x_it.o
       696         92          0         20          0       9802   stm32f10x_rcc.o
        92         16          0          0          0       1865   stm32f10x_rtc.o
       328         28          0          0          0      26809   system_stm32f10x.o
       488         34         10          0          0       5743   tm1640.o
        94          0          0          0          0       1356   utils.o

    ----------------------------------------------------------------------
      4624        372       1840         24       1548     279327   Object Totals
         0          0         32          0          0          0   (incl. Generated)
         8          0          2          2          2          0   (incl. Padding)

    ----------------------------------------------------------------------

      Code (inc. data)   RO Data    RW Data    ZI Data      Debug   Library Member Name

         8          0          0          0          0         68   __main.o
       284          0          0          0          0        156   __printf_wp.o
         0          0          0          0          0          0   __rtentry.o
        12          0          0          0          0          0   __rtentry2.o
         6          0          0          0          0          0   __rtentry4.o
        52          8          0          0          0          0   __scatter.o
        26          0          0          0          0          0   __scatter_copy.o
        28          0          0          0          0          0   __scatter_zi.o
        48          6          0          0          0         96   _printf_char_common.o
         6          0          0          0          0          0   _printf_f.o
      1054          0          0          0          0        216   _printf_fp_dec.o
       128         16          0          0          0         84   _printf_fp_infnan.o
         0          0          0          0          0          0   _printf_percent.o
         4          0          0          0          0          0   _printf_percent_end.o
        10          0          0          0          0         68   _sputc.o
       228          4        148          0          0         96   bigflt0.o
      1936        128          0          0          0        672   btod.o
        18          0          0          0          0         80   exit.o
         6          0          0          0          0        152   heapauxi.o
         0          0          0          0          0          0   indicate_semi.o
        44         10         28          0          0         76   lc_numeric_c.o
         2          0          0          0          0          0   libinit.o
        18          0          0          0          0          0   libinit2.o
         2          0          0          0          0          0   libshutdown.o
         2          0          0          0          0          0   libshutdown2.o
         8          4          0          0         96         68   libspace.o
       138          0          0          0          0         80   lludiv10.o
        40          6          0          0          0         84   noretval__2sprintf.o
         8          4          0          0          0         68   rt_locale_intlibspace.o
       100          0          0          0          0         80   rt_memcpy_w.o
         2          0          0          0          0          0   rtexit.o
        10          0          0          0          0          0   rtexit2.o
       128          0          0          0          0         68   strcmpv7m.o
        12          4          0          0          0         68   sys_exit.o
        74          0          0          0          0         80   sys_stackheap_outer.o
         2          0          0          0          0         68   use_no_semi.o
       804         16          0          0          0        272   daddsub_clz.o
        84          0          0          0          0        136   dflt_clz.o
       340         12          0          0          0        104   dmul.o
       156          4          0          0          0         92   dnaninf.o
        12          0          0          0          0         68   dretinf.o
         4          0          0          0          0         68   printf1.o
         0          0          0          0          0          0   usenofp.o
        40          0          0          0          0         68   fpclassify.o

    ----------------------------------------------------------------------
      5892        222        176          0        100       3236   Library Totals
         8          0          0          0          4          0   (incl. Padding)

    ----------------------------------------------------------------------

      Code (inc. data)   RO Data    RW Data    ZI Data      Debug   Library Name

      4444        190        176          0         96       2428   c_w.l
      1400         32          0          0          0        740   fz_ws.l
        40          0          0          0          0         68   m_ws.l

    ----------------------------------------------------------------------
      5892        222        176          0        100       3236   Library Totals

    ----------------------------------------------------------------------

==============================================================================


      Code (inc. data)   RO Data    RW Data    ZI Data      Debug   

     10516        594       2016         24       1648     277203   Grand Totals
     10516        594       2016         24       1648     277203   ELF Image Totals
     10516        594       2016         24          0          0   ROM Totals

==============================================================================

    Total RO  Size (Code + RO Data)                12532 (  12.24kB)
    Total RW  Size (RW Data + ZI Data)              1672 (   1.63kB)
    Total ROM Size (Code + RO Data + RW Data)      12556 (  12.26kB)

==============================================================================

